Release 14.7 - xst P.20131013 (nt64)
Copyright (c) 1995-2013 Xilinx, Inc.  All rights reserved.
--> Parameter TMPDIR set to xst/projnav.tmp


Total REAL time to Xst completion: 0.00 secs
Total CPU time to Xst completion: 0.08 secs
 
--> Parameter xsthdpdir set to xst


Total REAL time to Xst completion: 0.00 secs
Total CPU time to Xst completion: 0.08 secs
 
--> Reading design: adda_test.prj

TABLE OF CONTENTS
  1) Synthesis Options Summary
  2) HDL Parsing
  3) HDL Elaboration
  4) HDL Synthesis
       4.1) HDL Synthesis Report
  5) Advanced HDL Synthesis
       5.1) Advanced HDL Synthesis Report
  6) Low Level Synthesis
  7) Partition Report
  8) Design Summary
       8.1) Primitive and Black Box Usage
       8.2) Device utilization summary
       8.3) Partition Resource Summary
       8.4) Timing Report
            8.4.1) Clock Information
            8.4.2) Asynchronous Control Signals Information
            8.4.3) Timing Summary
            8.4.4) Timing Details
            8.4.5) Cross Clock Domains Report


=========================================================================
*                      Synthesis Options Summary                        *
=========================================================================
---- Source Parameters
Input File Name                    : "adda_test.prj"
Ignore Synthesis Constraint File   : NO

---- Target Parameters
Output File Name                   : "adda_test"
Output Format                      : NGC
Target Device                      : xc6slx9-2-ftg256

---- Source Options
Top Module Name                    : adda_test
Automatic FSM Extraction           : YES
FSM Encoding Algorithm             : Auto
Safe Implementation                : No
FSM Style                          : LUT
RAM Extraction                     : Yes
RAM Style                          : Auto
ROM Extraction                     : Yes
Shift Register Extraction          : YES
ROM Style                          : Auto
Resource Sharing                   : YES
Asynchronous To Synchronous        : NO
Shift Register Minimum Size        : 2
Use DSP Block                      : Auto
Automatic Register Balancing       : No

---- Target Options
LUT Combining                      : Auto
Reduce Control Sets                : Auto
Add IO Buffers                     : YES
Global Maximum Fanout              : 100000
Add Generic Clock Buffer(BUFG)     : 16
Register Duplication               : YES
Optimize Instantiated Primitives   : NO
Use Clock Enable                   : Auto
Use Synchronous Set                : Auto
Use Synchronous Reset              : Auto
Pack IO Registers into IOBs        : Auto
Equivalent register Removal        : YES

---- General Options
Optimization Goal                  : Speed
Optimization Effort                : 1
Power Reduction                    : NO
Keep Hierarchy                     : No
Netlist Hierarchy                  : As_Optimized
RTL Output                         : Yes
Global Optimization                : AllClockNets
Read Cores                         : YES
Write Timing Constraints           : NO
Cross Clock Analysis               : NO
Hierarchy Separator                : /
Bus Delimiter                      : <>
Case Specifier                     : Maintain
Slice Utilization Ratio            : 100
BRAM Utilization Ratio             : 100
DSP48 Utilization Ratio            : 100
Auto BRAM Packing                  : NO
Slice Utilization Ratio Delta      : 5

---- Other Options
Cores Search Directories           : {"ipcore_dir"  }

=========================================================================


=========================================================================
*                          HDL Parsing                                  *
=========================================================================
Analyzing Verilog file "E:\Project\AX309\Verilog\23_adda_test\ipcore_dir\PLL.v" into library work
Parsing module <PLL>.
Analyzing Verilog file "E:\Project\AX309\Verilog\23_adda_test\ipcore_dir\ROM.v" into library work
Parsing module <ROM>.
Analyzing Verilog file "E:\Project\AX309\Verilog\23_adda_test\chipscope_ila.v" into library work
Parsing module <chipscope_ila>.
Analyzing Verilog file "E:\Project\AX309\Verilog\23_adda_test\chipscope_icon.v" into library work
Parsing module <chipscope_icon>.
Analyzing Verilog file "E:\Project\AX309\Verilog\23_adda_test\adda_test.v" into library work
Parsing module <adda_test>.

=========================================================================
*                            HDL Elaboration                            *
=========================================================================

Elaborating module <adda_test>.

Elaborating module <ROM>.
WARNING:HDLCompiler:1499 - "E:\Project\AX309\Verilog\23_adda_test\ipcore_dir\ROM.v" Line 39: Empty module <ROM> remains a black box.

Elaborating module <PLL>.

Elaborating module <IBUFG>.

Elaborating module <DCM_SP(CLKDV_DIVIDE=2.0,CLKFX_DIVIDE=1,CLKFX_MULTIPLY=4,CLKIN_DIVIDE_BY_2="FALSE",CLKIN_PERIOD=20.0,CLKOUT_PHASE_SHIFT="NONE",CLK_FEEDBACK="1X",DESKEW_ADJUST="SYSTEM_SYNCHRONOUS",PHASE_SHIFT=0,STARTUP_WAIT="FALSE")>.
WARNING:HDLCompiler:1127 - "E:\Project\AX309\Verilog\23_adda_test\ipcore_dir\PLL.v" Line 132: Assignment to status_int ignored, since the identifier is never used

Elaborating module <BUFG>.

Elaborating module <chipscope_icon>.

Elaborating module <chipscope_ila>.
WARNING:HDLCompiler:634 - "E:\Project\AX309\Verilog\23_adda_test\adda_test.v" Line 58: Net <TRIG0[255]> does not have a driver.

=========================================================================
*                           HDL Synthesis                               *
=========================================================================

Synthesizing Unit <adda_test>.
    Related source file is "E:\Project\AX309\Verilog\23_adda_test\adda_test.v".
INFO:Xst:3210 - "E:\Project\AX309\Verilog\23_adda_test\adda_test.v" line 46: Output port <LOCKED> of the instance <PLL_inst> is unconnected or connected to loadless signal.
WARNING:Xst:653 - Signal <TRIG0<255:16>> is used but never assigned. This sourceless signal will be automatically connected to value GND.
    Found 8-bit register for signal <ad_data>.
    Found 9-bit register for signal <rom_addr>.
    Found 9-bit adder for signal <rom_addr[8]_GND_1_o_add_2_OUT> created at line 30.
    Summary:
	inferred   1 Adder/Subtractor(s).
	inferred  17 D-type flip-flop(s).
Unit <adda_test> synthesized.

Synthesizing Unit <PLL>.
    Related source file is "E:\Project\AX309\Verilog\23_adda_test\ipcore_dir\PLL.v".
    Summary:
	no macro.
Unit <PLL> synthesized.

=========================================================================
HDL Synthesis Report

Macro Statistics
# Adders/Subtractors                                   : 1
 9-bit adder                                           : 1
# Registers                                            : 2
 8-bit register                                        : 1
 9-bit register                                        : 1

=========================================================================

=========================================================================
*                       Advanced HDL Synthesis                          *
=========================================================================

Reading core <ipcore_dir/ROM.ngc>.
Reading core <chipscope_ila.ngc>.
Reading core <chipscope_icon.ngc>.
Loading core <ROM> for timing and area information for instance <ROM_inst>.
Loading core <chipscope_ila> for timing and area information for instance <ila_filter_debug>.
Loading core <chipscope_icon> for timing and area information for instance <icon_debug>.

Synthesizing (advanced) Unit <adda_test>.
The following registers are absorbed into counter <rom_addr>: 1 register on signal <rom_addr>.
Unit <adda_test> synthesized (advanced).

=========================================================================
Advanced HDL Synthesis Report

Macro Statistics
# Counters                                             : 1
 9-bit up counter                                      : 1
# Registers                                            : 8
 Flip-Flops                                            : 8

=========================================================================

=========================================================================
*                         Low Level Synthesis                           *
=========================================================================

Optimizing unit <adda_test> ...

Mapping all equations...
Building and optimizing final netlist ...
Found area constraint ratio of 100 (+ 5) on block adda_test, actual ratio is 16.

Final Macro Processing ...

=========================================================================
Final Register Report

Macro Statistics
# Registers                                            : 17
 Flip-Flops                                            : 17

=========================================================================

=========================================================================
*                           Partition Report                            *
=========================================================================

Partition Implementation Status
-------------------------------

  No Partitions were found in this design.

-------------------------------

=========================================================================
*                            Design Summary                             *
=========================================================================

Top Level Output File Name         : adda_test.ngc

Primitive and Black Box Usage:
------------------------------
# BELS                             : 587
#      GND                         : 4
#      INV                         : 8
#      LUT1                        : 63
#      LUT2                        : 22
#      LUT3                        : 18
#      LUT4                        : 85
#      LUT5                        : 4
#      LUT6                        : 99
#      MUXCY                       : 8
#      MUXCY_L                     : 193
#      MUXF5                       : 2
#      MUXF6                       : 1
#      MUXF7                       : 10
#      MUXF8                       : 2
#      VCC                         : 4
#      XORCY                       : 64
# FlipFlops/Latches                : 1240
#      FD                          : 530
#      FDC                         : 9
#      FDCE                        : 16
#      FDE                         : 32
#      FDP                         : 514
#      FDR                         : 48
#      FDRE                        : 80
#      FDS                         : 10
#      LDC                         : 1
# RAMS                             : 16
#      RAMB16BWER                  : 14
#      RAMB8BWER                   : 2
# Shift Registers                  : 418
#      SRL16                       : 256
#      SRL16E                      : 1
#      SRLC16E                     : 39
#      SRLC32E                     : 122
# Clock Buffers                    : 3
#      BUFG                        : 3
# IO Buffers                       : 19
#      IBUF                        : 8
#      IBUFG                       : 1
#      OBUF                        : 10
# DCMs                             : 1
#      DCM_SP                      : 1
# Others                           : 1
#      BSCAN_SPARTAN6              : 1

Device utilization summary:
---------------------------

Selected Device : 6slx9ftg256-2 


Slice Logic Utilization: 
 Number of Slice Registers:            1240  out of  11440    10%  
 Number of Slice LUTs:                  717  out of   5720    12%  
    Number used as Logic:               299  out of   5720     5%  
    Number used as Memory:              418  out of   1440    29%  
       Number used as SRL:              418

Slice Logic Distribution: 
 Number of LUT Flip Flop pairs used:   1620
   Number with an unused Flip Flop:     380  out of   1620    23%  
   Number with an unused LUT:           903  out of   1620    55%  
   Number of fully used LUT-FF pairs:   337  out of   1620    20%  
   Number of unique control sets:        52

IO Utilization: 
 Number of IOs:                          19
 Number of bonded IOBs:                  19  out of    186    10%  

Specific Feature Utilization:
 Number of Block RAM/FIFO:               15  out of     32    46%  
    Number using Block RAM only:         15
 Number of BUFG/BUFGCTRLs:                3  out of     16    18%  

---------------------------
Partition Resource Summary:
---------------------------

  No Partitions were found in this design.

---------------------------


=========================================================================
Timing Report

NOTE: THESE TIMING NUMBERS ARE ONLY A SYNTHESIS ESTIMATE.
      FOR ACCURATE TIMING INFORMATION PLEASE REFER TO THE TRACE REPORT
      GENERATED AFTER PLACE-and-ROUTE.

Clock Information:
------------------
----------------------------------------------------------------------------------+----------------------------------------------------------------------------------------------------------------------------------+-------+
Clock Signal                                                                      | Clock buffer(FF name)                                                                                                            | Load  |
----------------------------------------------------------------------------------+----------------------------------------------------------------------------------------------------------------------------------+-------+
clk                                                                               | DCM_SP:CLKDV                                                                                                                     | 8     |
clk                                                                               | DCM_SP:CLK0                                                                                                                      | 1412  |
ROM_inst/N1                                                                       | NONE(ROM_inst/U0/xst_blk_mem_generator/gnativebmg.native_blk_mem_gen/valid.cstr/ramloop[0].ram.r/s6_init.ram/SP.SIMPLE_PRIM9.ram)| 1     |
icon_debug/U0/U_ICON/I_YES_BSCAN.U_BS/iDRCK_LOCAL                                 | BUFG                                                                                                                             | 267   |
icon_debug/CONTROL0<13>(icon_debug/U0/U_ICON/U_CTRL_OUT/F_NCP[0].F_CMD[9].U_LCE:O)| NONE(*)(ila_filter_debug/U0/I_NO_D.U_ILA/U_STAT/U_DIRTY_LDC)                                                                     | 1     |
icon_debug/U0/iUPDATE_OUT                                                         | NONE(icon_debug/U0/U_ICON/U_iDATA_CMD)                                                                                           | 1     |
----------------------------------------------------------------------------------+----------------------------------------------------------------------------------------------------------------------------------+-------+
(*) This 1 clock signal(s) are generated by combinatorial logic,
and XST is not able to identify which are the primary clock signals.
Please use the CLOCK_SIGNAL constraint to specify the clock signal(s) generated by combinatorial logic.
INFO:Xst:2169 - HDL ADVISOR - Some clock signals were not automatically buffered by XST with BUFG/BUFR resources. Please use the buffer_type constraint in order to insert these buffers to the clock signals to help prevent skew problems.

Asynchronous Control Signals Information:
----------------------------------------
No asynchronous control signals found in this design

Timing Summary:
---------------
Speed Grade: -2

   Minimum period: 9.265ns (Maximum Frequency: 107.933MHz)
   Minimum input arrival time before clock: 6.596ns
   Maximum output required time after clock: 5.437ns
   Maximum combinational path delay: No path found

Timing Details:
---------------
All values displayed in nanoseconds (ns)

=========================================================================
Timing constraint: Default period analysis for Clock 'clk'
  Clock period: 5.619ns (frequency: 177.959MHz)
  Total number of paths / destination ports: 2127 / 1743
-------------------------------------------------------------------------
Delay:               5.619ns (Levels of Logic = 127)
  Source:            ila_filter_debug/U0/I_NO_D.U_ILA/U_TRIG/U_TM/G_NMU[0].U_M/U_MU/I_MUT_GANDX.U_match/I_CS_GANDX.U_CS_GANDX_SRL/I_S6.U_CS_GANDX_SRL_S6/G_GAND_DLY1[6].I_IN_RANGE.I_USE_INPUT_REG_NE0.U_GAND_DLY1 (FF)
  Destination:       ila_filter_debug/U0/I_NO_D.U_ILA/U_TRIG/U_TM/G_NMU[0].U_M/U_MU/I_MUT_GANDX.U_match/I_CS_GANDX.U_CS_GANDX_SRL/I_S6.U_CS_GANDX_SRL_S6/U_CS_GAND_SRL_S6/I_USE_RPM_EQ0.U_GAND_SRL_SET/I_WHOLE_SLICE.G_SLICE_IDX[31].U_GAND_SRL_SLICE_NO_RPM/I_IS_TERMINATION_SLICE_NE0.I_USE_OUTPUT_REG_NE0.U_OREG (FF)
  Source Clock:      clk rising
  Destination Clock: clk rising

  Data Path: ila_filter_debug/U0/I_NO_D.U_ILA/U_TRIG/U_TM/G_NMU[0].U_M/U_MU/I_MUT_GANDX.U_match/I_CS_GANDX.U_CS_GANDX_SRL/I_S6.U_CS_GANDX_SRL_S6/G_GAND_DLY1[6].I_IN_RANGE.I_USE_INPUT_REG_NE0.U_GAND_DLY1 to ila_filter_debug/U0/I_NO_D.U_ILA/U_TRIG/U_TM/G_NMU[0].U_M/U_MU/I_MUT_GANDX.U_match/I_CS_GANDX.U_CS_GANDX_SRL/I_S6.U_CS_GANDX_SRL_S6/U_CS_GAND_SRL_S6/I_USE_RPM_EQ0.U_GAND_SRL_SET/I_WHOLE_SLICE.G_SLICE_IDX[31].U_GAND_SRL_SLICE_NO_RPM/I_IS_TERMINATION_SLICE_NE0.I_USE_OUTPUT_REG_NE0.U_OREG
                                Gate     Net
    Cell:in->out      fanout   Delay   Delay  Logical Name (Net Name)
    ----------------------------------------  ------------
     FDP:C->Q              2   0.525   0.725  U0/I_NO_D.U_ILA/U_TRIG/U_TM/G_NMU[0].U_M/U_MU/I_MUT_GANDX.U_match/I_CS_GANDX.U_CS_GANDX_SRL/I_S6.U_CS_GANDX_SRL_S6/G_GAND_DLY1[6].I_IN_RANGE.I_USE_INPUT_REG_NE0.U_GAND_DLY1 (U0/I_NO_D.U_ILA/U_TRIG/U_TM/G_NMU[0].U_M/U_MU/I_MUT_GANDX.U_match/I_CS_GANDX.U_CS_GANDX_SRL/I_S6.U_CS_GANDX_SRL_S6/gand_dly1<6>)
     SRLC16E:A0->Q         1   0.254   0.681  U0/I_NO_D.U_ILA/U_TRIG/U_TM/G_NMU[0].U_M/U_MU/I_MUT_GANDX.U_match/I_CS_GANDX.U_CS_GANDX_SRL/I_S6.U_CS_GANDX_SRL_S6/U_CS_GAND_SRL_S6/I_USE_RPM_EQ0.U_GAND_SRL_SET/I_WHOLE_SLICE.G_SLICE_IDX[0].U_GAND_SRL_SLICE_NO_RPM/U_SRLD (U0/I_NO_D.U_ILA/U_TRIG/U_TM/G_NMU[0].U_M/U_MU/I_MUT_GANDX.U_match/I_CS_GANDX.U_CS_GANDX_SRL/I_S6.U_CS_GANDX_SRL_S6/U_CS_GAND_SRL_S6/I_USE_RPM_EQ0.U_GAND_SRL_SET/I_WHOLE_SLICE.G_SLICE_IDX[0].U_GAND_SRL_SLICE_NO_RPM/muxcy_sel<3>)
     MUXCY_L:S->LO         1   0.215   0.000  U0/I_NO_D.U_ILA/U_TRIG/U_TM/G_NMU[0].U_M/U_MU/I_MUT_GANDX.U_match/I_CS_GANDX.U_CS_GANDX_SRL/I_S6.U_CS_GANDX_SRL_S6/U_CS_GAND_SRL_S6/I_USE_RPM_EQ0.U_GAND_SRL_SET/I_WHOLE_SLICE.G_SLICE_IDX[0].U_GAND_SRL_SLICE_NO_RPM/U_MUXD (U0/I_NO_D.U_ILA/U_TRIG/U_TM/G_NMU[0].U_M/U_MU/I_MUT_GANDX.U_match/I_CS_GANDX.U_CS_GANDX_SRL/I_S6.U_CS_GANDX_SRL_S6/U_CS_GAND_SRL_S6/I_USE_RPM_EQ0.U_GAND_SRL_SET/gand_carry<1>)
     MUXCY_L:CI->LO        1   0.023   0.000  U0/I_NO_D.U_ILA/U_TRIG/U_TM/G_NMU[0].U_M/U_MU/I_MUT_GANDX.U_match/I_CS_GANDX.U_CS_GANDX_SRL/I_S6.U_CS_GANDX_SRL_S6/U_CS_GAND_SRL_S6/I_USE_RPM_EQ0.U_GAND_SRL_SET/I_WHOLE_SLICE.G_SLICE_IDX[1].U_GAND_SRL_SLICE_NO_RPM/U_MUXA (U0/I_NO_D.U_ILA/U_TRIG/U_TM/G_NMU[0].U_M/U_MU/I_MUT_GANDX.U_match/I_CS_GANDX.U_CS_GANDX_SRL/I_S6.U_CS_GANDX_SRL_S6/U_CS_GAND_SRL_S6/I_USE_RPM_EQ0.U_GAND_SRL_SET/I_WHOLE_SLICE.G_SLICE_IDX[1].U_GAND_SRL_SLICE_NO_RPM/muxcy_lo<0>)
     MUXCY_L:CI->LO        1   0.023   0.000  U0/I_NO_D.U_ILA/U_TRIG/U_TM/G_NMU[0].U_M/U_MU/I_MUT_GANDX.U_match/I_CS_GANDX.U_CS_GANDX_SRL/I_S6.U_CS_GANDX_SRL_S6/U_CS_GAND_SRL_S6/I_USE_RPM_EQ0.U_GAND_SRL_SET/I_WHOLE_SLICE.G_SLICE_IDX[1].U_GAND_SRL_SLICE_NO_RPM/U_MUXB (U0/I_NO_D.U_ILA/U_TRIG/U_TM/G_NMU[0].U_M/U_MU/I_MUT_GANDX.U_match/I_CS_GANDX.U_CS_GANDX_SRL/I_S6.U_CS_GANDX_SRL_S6/U_CS_GAND_SRL_S6/I_USE_RPM_EQ0.U_GAND_SRL_SET/I_WHOLE_SLICE.G_SLICE_IDX[1].U_GAND_SRL_SLICE_NO_RPM/muxcy_lo<1>)
     MUXCY_L:CI->LO        1   0.023   0.000  U0/I_NO_D.U_ILA/U_TRIG/U_TM/G_NMU[0].U_M/U_MU/I_MUT_GANDX.U_match/I_CS_GANDX.U_CS_GANDX_SRL/I_S6.U_CS_GANDX_SRL_S6/U_CS_GAND_SRL_S6/I_USE_RPM_EQ0.U_GAND_SRL_SET/I_WHOLE_SLICE.G_SLICE_IDX[1].U_GAND_SRL_SLICE_NO_RPM/U_MUXC (U0/I_NO_D.U_ILA/U_TRIG/U_TM/G_NMU[0].U_M/U_MU/I_MUT_GANDX.U_match/I_CS_GANDX.U_CS_GANDX_SRL/I_S6.U_CS_GANDX_SRL_S6/U_CS_GAND_SRL_S6/I_USE_RPM_EQ0.U_GAND_SRL_SET/I_WHOLE_SLICE.G_SLICE_IDX[1].U_GAND_SRL_SLICE_NO_RPM/muxcy_lo<2>)
     MUXCY_L:CI->LO        1   0.023   0.000  U0/I_NO_D.U_ILA/U_TRIG/U_TM/G_NMU[0].U_M/U_MU/I_MUT_GANDX.U_match/I_CS_GANDX.U_CS_GANDX_SRL/I_S6.U_CS_GANDX_SRL_S6/U_CS_GAND_SRL_S6/I_USE_RPM_EQ0.U_GAND_SRL_SET/I_WHOLE_SLICE.G_SLICE_IDX[1].U_GAND_SRL_SLICE_NO_RPM/U_MUXD (U0/I_NO_D.U_ILA/U_TRIG/U_TM/G_NMU[0].U_M/U_MU/I_MUT_GANDX.U_match/I_CS_GANDX.U_CS_GANDX_SRL/I_S6.U_CS_GANDX_SRL_S6/U_CS_GAND_SRL_S6/I_USE_RPM_EQ0.U_GAND_SRL_SET/gand_carry<2>)
     MUXCY_L:CI->LO        1   0.023   0.000  U0/I_NO_D.U_ILA/U_TRIG/U_TM/G_NMU[0].U_M/U_MU/I_MUT_GANDX.U_match/I_CS_GANDX.U_CS_GANDX_SRL/I_S6.U_CS_GANDX_SRL_S6/U_CS_GAND_SRL_S6/I_USE_RPM_EQ0.U_GAND_SRL_SET/I_WHOLE_SLICE.G_SLICE_IDX[2].U_GAND_SRL_SLICE_NO_RPM/U_MUXA (U0/I_NO_D.U_ILA/U_TRIG/U_TM/G_NMU[0].U_M/U_MU/I_MUT_GANDX.U_match/I_CS_GANDX.U_CS_GANDX_SRL/I_S6.U_CS_GANDX_SRL_S6/U_CS_GAND_SRL_S6/I_USE_RPM_EQ0.U_GAND_SRL_SET/I_WHOLE_SLICE.G_SLICE_IDX[2].U_GAND_SRL_SLICE_NO_RPM/muxcy_lo<0>)
     MUXCY_L:CI->LO        1   0.023   0.000  U0/I_NO_D.U_ILA/U_TRIG/U_TM/G_NMU[0].U_M/U_MU/I_MUT_GANDX.U_match/I_CS_GANDX.U_CS_GANDX_SRL/I_S6.U_CS_GANDX_SRL_S6/U_CS_GAND_SRL_S6/I_USE_RPM_EQ0.U_GAND_SRL_SET/I_WHOLE_SLICE.G_SLICE_IDX[2].U_GAND_SRL_SLICE_NO_RPM/U_MUXB (U0/I_NO_D.U_ILA/U_TRIG/U_TM/G_NMU[0].U_M/U_MU/I_MUT_GANDX.U_match/I_CS_GANDX.U_CS_GANDX_SRL/I_S6.U_CS_GANDX_SRL_S6/U_CS_GAND_SRL_S6/I_USE_RPM_EQ0.U_GAND_SRL_SET/I_WHOLE_SLICE.G_SLICE_IDX[2].U_GAND_SRL_SLICE_NO_RPM/muxcy_lo<1>)
     MUXCY_L:CI->LO        1   0.023   0.000  U0/I_NO_D.U_ILA/U_TRIG/U_TM/G_NMU[0].U_M/U_MU/I_MUT_GANDX.U_match/I_CS_GANDX.U_CS_GANDX_SRL/I_S6.U_CS_GANDX_SRL_S6/U_CS_GAND_SRL_S6/I_USE_RPM_EQ0.U_GAND_SRL_SET/I_WHOLE_SLICE.G_SLICE_IDX[2].U_GAND_SRL_SLICE_NO_RPM/U_MUXC (U0/I_NO_D.U_ILA/U_TRIG/U_TM/G_NMU[0].U_M/U_MU/I_MUT_GANDX.U_match/I_CS_GANDX.U_CS_GANDX_SRL/I_S6.U_CS_GANDX_SRL_S6/U_CS_GAND_SRL_S6/I_USE_RPM_EQ0.U_GAND_SRL_SET/I_WHOLE_SLICE.G_SLICE_IDX[2].U_GAND_SRL_SLICE_NO_RPM/muxcy_lo<2>)
     MUXCY_L:CI->LO        1   0.023   0.000  U0/I_NO_D.U_ILA/U_TRIG/U_TM/G_NMU[0].U_M/U_MU/I_MUT_GANDX.U_match/I_CS_GANDX.U_CS_GANDX_SRL/I_S6.U_CS_GANDX_SRL_S6/U_CS_GAND_SRL_S6/I_USE_RPM_EQ0.U_GAND_SRL_SET/I_WHOLE_SLICE.G_SLICE_IDX[2].U_GAND_SRL_SLICE_NO_RPM/U_MUXD (U0/I_NO_D.U_ILA/U_TRIG/U_TM/G_NMU[0].U_M/U_MU/I_MUT_GANDX.U_match/I_CS_GANDX.U_CS_GANDX_SRL/I_S6.U_CS_GANDX_SRL_S6/U_CS_GAND_SRL_S6/I_USE_RPM_EQ0.U_GAND_SRL_SET/gand_carry<3>)
     MUXCY_L:CI->LO        1   0.023   0.000  U0/I_NO_D.U_ILA/U_TRIG/U_TM/G_NMU[0].U_M/U_MU/I_MUT_GANDX.U_match/I_CS_GANDX.U_CS_GANDX_SRL/I_S6.U_CS_GANDX_SRL_S6/U_CS_GAND_SRL_S6/I_USE_RPM_EQ0.U_GAND_SRL_SET/I_WHOLE_SLICE.G_SLICE_IDX[3].U_GAND_SRL_SLICE_NO_RPM/U_MUXA (U0/I_NO_D.U_ILA/U_TRIG/U_TM/G_NMU[0].U_M/U_MU/I_MUT_GANDX.U_match/I_CS_GANDX.U_CS_GANDX_SRL/I_S6.U_CS_GANDX_SRL_S6/U_CS_GAND_SRL_S6/I_USE_RPM_EQ0.U_GAND_SRL_SET/I_WHOLE_SLICE.G_SLICE_IDX[3].U_GAND_SRL_SLICE_NO_RPM/muxcy_lo<0>)
     MUXCY_L:CI->LO        1   0.023   0.000  U0/I_NO_D.U_ILA/U_TRIG/U_TM/G_NMU[0].U_M/U_MU/I_MUT_GANDX.U_match/I_CS_GANDX.U_CS_GANDX_SRL/I_S6.U_CS_GANDX_SRL_S6/U_CS_GAND_SRL_S6/I_USE_RPM_EQ0.U_GAND_SRL_SET/I_WHOLE_SLICE.G_SLICE_IDX[3].U_GAND_SRL_SLICE_NO_RPM/U_MUXB (U0/I_NO_D.U_ILA/U_TRIG/U_TM/G_NMU[0].U_M/U_MU/I_MUT_GANDX.U_match/I_CS_GANDX.U_CS_GANDX_SRL/I_S6.U_CS_GANDX_SRL_S6/U_CS_GAND_SRL_S6/I_USE_RPM_EQ0.U_GAND_SRL_SET/I_WHOLE_SLICE.G_SLICE_IDX[3].U_GAND_SRL_SLICE_NO_RPM/muxcy_lo<1>)
     MUXCY_L:CI->LO        1   0.023   0.000  U0/I_NO_D.U_ILA/U_TRIG/U_TM/G_NMU[0].U_M/U_MU/I_MUT_GANDX.U_match/I_CS_GANDX.U_CS_GANDX_SRL/I_S6.U_CS_GANDX_SRL_S6/U_CS_GAND_SRL_S6/I_USE_RPM_EQ0.U_GAND_SRL_SET/I_WHOLE_SLICE.G_SLICE_IDX[3].U_GAND_SRL_SLICE_NO_RPM/U_MUXC (U0/I_NO_D.U_ILA/U_TRIG/U_TM/G_NMU[0].U_M/U_MU/I_MUT_GANDX.U_match/I_CS_GANDX.U_CS_GANDX_SRL/I_S6.U_CS_GANDX_SRL_S6/U_CS_GAND_SRL_S6/I_USE_RPM_EQ0.U_GAND_SRL_SET/I_WHOLE_SLICE.G_SLICE_IDX[3].U_GAND_SRL_SLICE_NO_RPM/muxcy_lo<2>)
     MUXCY_L:CI->LO        1   0.023   0.000  U0/I_NO_D.U_ILA/U_TRIG/U_TM/G_NMU[0].U_M/U_MU/I_MUT_GANDX.U_match/I_CS_GANDX.U_CS_GANDX_SRL/I_S6.U_CS_GANDX_SRL_S6/U_CS_GAND_SRL_S6/I_USE_RPM_EQ0.U_GAND_SRL_SET/I_WHOLE_SLICE.G_SLICE_IDX[3].U_GAND_SRL_SLICE_NO_RPM/U_MUXD (U0/I_NO_D.U_ILA/U_TRIG/U_TM/G_NMU[0].U_M/U_MU/I_MUT_GANDX.U_match/I_CS_GANDX.U_CS_GANDX_SRL/I_S6.U_CS_GANDX_SRL_S6/U_CS_GAND_SRL_S6/I_USE_RPM_EQ0.U_GAND_SRL_SET/gand_carry<4>)
     MUXCY_L:CI->LO        1   0.023   0.000  U0/I_NO_D.U_ILA/U_TRIG/U_TM/G_NMU[0].U_M/U_MU/I_MUT_GANDX.U_match/I_CS_GANDX.U_CS_GANDX_SRL/I_S6.U_CS_GANDX_SRL_S6/U_CS_GAND_SRL_S6/I_USE_RPM_EQ0.U_GAND_SRL_SET/I_WHOLE_SLICE.G_SLICE_IDX[4].U_GAND_SRL_SLICE_NO_RPM/U_MUXA (U0/I_NO_D.U_ILA/U_TRIG/U_TM/G_NMU[0].U_M/U_MU/I_MUT_GANDX.U_match/I_CS_GANDX.U_CS_GANDX_SRL/I_S6.U_CS_GANDX_SRL_S6/U_CS_GAND_SRL_S6/I_USE_RPM_EQ0.U_GAND_SRL_SET/I_WHOLE_SLICE.G_SLICE_IDX[4].U_GAND_SRL_SLICE_NO_RPM/muxcy_lo<0>)
     MUXCY_L:CI->LO        1   0.023   0.000  U0/I_NO_D.U_ILA/U_TRIG/U_TM/G_NMU[0].U_M/U_MU/I_MUT_GANDX.U_match/I_CS_GANDX.U_CS_GANDX_SRL/I_S6.U_CS_GANDX_SRL_S6/U_CS_GAND_SRL_S6/I_USE_RPM_EQ0.U_GAND_SRL_SET/I_WHOLE_SLICE.G_SLICE_IDX[4].U_GAND_SRL_SLICE_NO_RPM/U_MUXB (U0/I_NO_D.U_ILA/U_TRIG/U_TM/G_NMU[0].U_M/U_MU/I_MUT_GANDX.U_match/I_CS_GANDX.U_CS_GANDX_SRL/I_S6.U_CS_GANDX_SRL_S6/U_CS_GAND_SRL_S6/I_USE_RPM_EQ0.U_GAND_SRL_SET/I_WHOLE_SLICE.G_SLICE_IDX[4].U_GAND_SRL_SLICE_NO_RPM/muxcy_lo<1>)
     MUXCY_L:CI->LO        1   0.023   0.000  U0/I_NO_D.U_ILA/U_TRIG/U_TM/G_NMU[0].U_M/U_MU/I_MUT_GANDX.U_match/I_CS_GANDX.U_CS_GANDX_SRL/I_S6.U_CS_GANDX_SRL_S6/U_CS_GAND_SRL_S6/I_USE_RPM_EQ0.U_GAND_SRL_SET/I_WHOLE_SLICE.G_SLICE_IDX[4].U_GAND_SRL_SLICE_NO_RPM/U_MUXC (U0/I_NO_D.U_ILA/U_TRIG/U_TM/G_NMU[0].U_M/U_MU/I_MUT_GANDX.U_match/I_CS_GANDX.U_CS_GANDX_SRL/I_S6.U_CS_GANDX_SRL_S6/U_CS_GAND_SRL_S6/I_USE_RPM_EQ0.U_GAND_SRL_SET/I_WHOLE_SLICE.G_SLICE_IDX[4].U_GAND_SRL_SLICE_NO_RPM/muxcy_lo<2>)
     MUXCY_L:CI->LO        1   0.023   0.000  U0/I_NO_D.U_ILA/U_TRIG/U_TM/G_NMU[0].U_M/U_MU/I_MUT_GANDX.U_match/I_CS_GANDX.U_CS_GANDX_SRL/I_S6.U_CS_GANDX_SRL_S6/U_CS_GAND_SRL_S6/I_USE_RPM_EQ0.U_GAND_SRL_SET/I_WHOLE_SLICE.G_SLICE_IDX[4].U_GAND_SRL_SLICE_NO_RPM/U_MUXD (U0/I_NO_D.U_ILA/U_TRIG/U_TM/G_NMU[0].U_M/U_MU/I_MUT_GANDX.U_match/I_CS_GANDX.U_CS_GANDX_SRL/I_S6.U_CS_GANDX_SRL_S6/U_CS_GAND_SRL_S6/I_USE_RPM_EQ0.U_GAND_SRL_SET/gand_carry<5>)
     MUXCY_L:CI->LO        1   0.023   0.000  U0/I_NO_D.U_ILA/U_TRIG/U_TM/G_NMU[0].U_M/U_MU/I_MUT_GANDX.U_match/I_CS_GANDX.U_CS_GANDX_SRL/I_S6.U_CS_GANDX_SRL_S6/U_CS_GAND_SRL_S6/I_USE_RPM_EQ0.U_GAND_SRL_SET/I_WHOLE_SLICE.G_SLICE_IDX[5].U_GAND_SRL_SLICE_NO_RPM/U_MUXA (U0/I_NO_D.U_ILA/U_TRIG/U_TM/G_NMU[0].U_M/U_MU/I_MUT_GANDX.U_match/I_CS_GANDX.U_CS_GANDX_SRL/I_S6.U_CS_GANDX_SRL_S6/U_CS_GAND_SRL_S6/I_USE_RPM_EQ0.U_GAND_SRL_SET/I_WHOLE_SLICE.G_SLICE_IDX[5].U_GAND_SRL_SLICE_NO_RPM/muxcy_lo<0>)
     MUXCY_L:CI->LO        1   0.023   0.000  U0/I_NO_D.U_ILA/U_TRIG/U_TM/G_NMU[0].U_M/U_MU/I_MUT_GANDX.U_match/I_CS_GANDX.U_CS_GANDX_SRL/I_S6.U_CS_GANDX_SRL_S6/U_CS_GAND_SRL_S6/I_USE_RPM_EQ0.U_GAND_SRL_SET/I_WHOLE_SLICE.G_SLICE_IDX[5].U_GAND_SRL_SLICE_NO_RPM/U_MUXB (U0/I_NO_D.U_ILA/U_TRIG/U_TM/G_NMU[0].U_M/U_MU/I_MUT_GANDX.U_match/I_CS_GANDX.U_CS_GANDX_SRL/I_S6.U_CS_GANDX_SRL_S6/U_CS_GAND_SRL_S6/I_USE_RPM_EQ0.U_GAND_SRL_SET/I_WHOLE_SLICE.G_SLICE_IDX[5].U_GAND_SRL_SLICE_NO_RPM/muxcy_lo<1>)
     MUXCY_L:CI->LO        1   0.023   0.000  U0/I_NO_D.U_ILA/U_TRIG/U_TM/G_NMU[0].U_M/U_MU/I_MUT_GANDX.U_match/I_CS_GANDX.U_CS_GANDX_SRL/I_S6.U_CS_GANDX_SRL_S6/U_CS_GAND_SRL_S6/I_USE_RPM_EQ0.U_GAND_SRL_SET/I_WHOLE_SLICE.G_SLICE_IDX[5].U_GAND_SRL_SLICE_NO_RPM/U_MUXC (U0/I_NO_D.U_ILA/U_TRIG/U_TM/G_NMU[0].U_M/U_MU/I_MUT_GANDX.U_match/I_CS_GANDX.U_CS_GANDX_SRL/I_S6.U_CS_GANDX_SRL_S6/U_CS_GAND_SRL_S6/I_USE_RPM_EQ0.U_GAND_SRL_SET/I_WHOLE_SLICE.G_SLICE_IDX[5].U_GAND_SRL_SLICE_NO_RPM/muxcy_lo<2>)
     MUXCY_L:CI->LO        1   0.023   0.000  U0/I_NO_D.U_ILA/U_TRIG/U_TM/G_NMU[0].U_M/U_MU/I_MUT_GANDX.U_match/I_CS_GANDX.U_CS_GANDX_SRL/I_S6.U_CS_GANDX_SRL_S6/U_CS_GAND_SRL_S6/I_USE_RPM_EQ0.U_GAND_SRL_SET/I_WHOLE_SLICE.G_SLICE_IDX[5].U_GAND_SRL_SLICE_NO_RPM/U_MUXD (U0/I_NO_D.U_ILA/U_TRIG/U_TM/G_NMU[0].U_M/U_MU/I_MUT_GANDX.U_match/I_CS_GANDX.U_CS_GANDX_SRL/I_S6.U_CS_GANDX_SRL_S6/U_CS_GAND_SRL_S6/I_USE_RPM_EQ0.U_GAND_SRL_SET/gand_carry<6>)
     MUXCY_L:CI->LO        1   0.023   0.000  U0/I_NO_D.U_ILA/U_TRIG/U_TM/G_NMU[0].U_M/U_MU/I_MUT_GANDX.U_match/I_CS_GANDX.U_CS_GANDX_SRL/I_S6.U_CS_GANDX_SRL_S6/U_CS_GAND_SRL_S6/I_USE_RPM_EQ0.U_GAND_SRL_SET/I_WHOLE_SLICE.G_SLICE_IDX[6].U_GAND_SRL_SLICE_NO_RPM/U_MUXA (U0/I_NO_D.U_ILA/U_TRIG/U_TM/G_NMU[0].U_M/U_MU/I_MUT_GANDX.U_match/I_CS_GANDX.U_CS_GANDX_SRL/I_S6.U_CS_GANDX_SRL_S6/U_CS_GAND_SRL_S6/I_USE_RPM_EQ0.U_GAND_SRL_SET/I_WHOLE_SLICE.G_SLICE_IDX[6].U_GAND_SRL_SLICE_NO_RPM/muxcy_lo<0>)
     MUXCY_L:CI->LO        1   0.023   0.000  U0/I_NO_D.U_ILA/U_TRIG/U_TM/G_NMU[0].U_M/U_MU/I_MUT_GANDX.U_match/I_CS_GANDX.U_CS_GANDX_SRL/I_S6.U_CS_GANDX_SRL_S6/U_CS_GAND_SRL_S6/I_USE_RPM_EQ0.U_GAND_SRL_SET/I_WHOLE_SLICE.G_SLICE_IDX[6].U_GAND_SRL_SLICE_NO_RPM/U_MUXB (U0/I_NO_D.U_ILA/U_TRIG/U_TM/G_NMU[0].U_M/U_MU/I_MUT_GANDX.U_match/I_CS_GANDX.U_CS_GANDX_SRL/I_S6.U_CS_GANDX_SRL_S6/U_CS_GAND_SRL_S6/I_USE_RPM_EQ0.U_GAND_SRL_SET/I_WHOLE_SLICE.G_SLICE_IDX[6].U_GAND_SRL_SLICE_NO_RPM/muxcy_lo<1>)
     MUXCY_L:CI->LO        1   0.023   0.000  U0/I_NO_D.U_ILA/U_TRIG/U_TM/G_NMU[0].U_M/U_MU/I_MUT_GANDX.U_match/I_CS_GANDX.U_CS_GANDX_SRL/I_S6.U_CS_GANDX_SRL_S6/U_CS_GAND_SRL_S6/I_USE_RPM_EQ0.U_GAND_SRL_SET/I_WHOLE_SLICE.G_SLICE_IDX[6].U_GAND_SRL_SLICE_NO_RPM/U_MUXC (U0/I_NO_D.U_ILA/U_TRIG/U_TM/G_NMU[0].U_M/U_MU/I_MUT_GANDX.U_match/I_CS_GANDX.U_CS_GANDX_SRL/I_S6.U_CS_GANDX_SRL_S6/U_CS_GAND_SRL_S6/I_USE_RPM_EQ0.U_GAND_SRL_SET/I_WHOLE_SLICE.G_SLICE_IDX[6].U_GAND_SRL_SLICE_NO_RPM/muxcy_lo<2>)
     MUXCY_L:CI->LO        1   0.023   0.000  U0/I_NO_D.U_ILA/U_TRIG/U_TM/G_NMU[0].U_M/U_MU/I_MUT_GANDX.U_match/I_CS_GANDX.U_CS_GANDX_SRL/I_S6.U_CS_GANDX_SRL_S6/U_CS_GAND_SRL_S6/I_USE_RPM_EQ0.U_GAND_SRL_SET/I_WHOLE_SLICE.G_SLICE_IDX[6].U_GAND_SRL_SLICE_NO_RPM/U_MUXD (U0/I_NO_D.U_ILA/U_TRIG/U_TM/G_NMU[0].U_M/U_MU/I_MUT_GANDX.U_match/I_CS_GANDX.U_CS_GANDX_SRL/I_S6.U_CS_GANDX_SRL_S6/U_CS_GAND_SRL_S6/I_USE_RPM_EQ0.U_GAND_SRL_SET/gand_carry<7>)
     MUXCY_L:CI->LO        1   0.023   0.000  U0/I_NO_D.U_ILA/U_TRIG/U_TM/G_NMU[0].U_M/U_MU/I_MUT_GANDX.U_match/I_CS_GANDX.U_CS_GANDX_SRL/I_S6.U_CS_GANDX_SRL_S6/U_CS_GAND_SRL_S6/I_USE_RPM_EQ0.U_GAND_SRL_SET/I_WHOLE_SLICE.G_SLICE_IDX[7].U_GAND_SRL_SLICE_NO_RPM/U_MUXA (U0/I_NO_D.U_ILA/U_TRIG/U_TM/G_NMU[0].U_M/U_MU/I_MUT_GANDX.U_match/I_CS_GANDX.U_CS_GANDX_SRL/I_S6.U_CS_GANDX_SRL_S6/U_CS_GAND_SRL_S6/I_USE_RPM_EQ0.U_GAND_SRL_SET/I_WHOLE_SLICE.G_SLICE_IDX[7].U_GAND_SRL_SLICE_NO_RPM/muxcy_lo<0>)
     MUXCY_L:CI->LO        1   0.023   0.000  U0/I_NO_D.U_ILA/U_TRIG/U_TM/G_NMU[0].U_M/U_MU/I_MUT_GANDX.U_match/I_CS_GANDX.U_CS_GANDX_SRL/I_S6.U_CS_GANDX_SRL_S6/U_CS_GAND_SRL_S6/I_USE_RPM_EQ0.U_GAND_SRL_SET/I_WHOLE_SLICE.G_SLICE_IDX[7].U_GAND_SRL_SLICE_NO_RPM/U_MUXB (U0/I_NO_D.U_ILA/U_TRIG/U_TM/G_NMU[0].U_M/U_MU/I_MUT_GANDX.U_match/I_CS_GANDX.U_CS_GANDX_SRL/I_S6.U_CS_GANDX_SRL_S6/U_CS_GAND_SRL_S6/I_USE_RPM_EQ0.U_GAND_SRL_SET/I_WHOLE_SLICE.G_SLICE_IDX[7].U_GAND_SRL_SLICE_NO_RPM/muxcy_lo<1>)
     MUXCY_L:CI->LO        1   0.023   0.000  U0/I_NO_D.U_ILA/U_TRIG/U_TM/G_NMU[0].U_M/U_MU/I_MUT_GANDX.U_match/I_CS_GANDX.U_CS_GANDX_SRL/I_S6.U_CS_GANDX_SRL_S6/U_CS_GAND_SRL_S6/I_USE_RPM_EQ0.U_GAND_SRL_SET/I_WHOLE_SLICE.G_SLICE_IDX[7].U_GAND_SRL_SLICE_NO_RPM/U_MUXC (U0/I_NO_D.U_ILA/U_TRIG/U_TM/G_NMU[0].U_M/U_MU/I_MUT_GANDX.U_match/I_CS_GANDX.U_CS_GANDX_SRL/I_S6.U_CS_GANDX_SRL_S6/U_CS_GAND_SRL_S6/I_USE_RPM_EQ0.U_GAND_SRL_SET/I_WHOLE_SLICE.G_SLICE_IDX[7].U_GAND_SRL_SLICE_NO_RPM/muxcy_lo<2>)
     MUXCY_L:CI->LO        1   0.023   0.000  U0/I_NO_D.U_ILA/U_TRIG/U_TM/G_NMU[0].U_M/U_MU/I_MUT_GANDX.U_match/I_CS_GANDX.U_CS_GANDX_SRL/I_S6.U_CS_GANDX_SRL_S6/U_CS_GAND_SRL_S6/I_USE_RPM_EQ0.U_GAND_SRL_SET/I_WHOLE_SLICE.G_SLICE_IDX[7].U_GAND_SRL_SLICE_NO_RPM/U_MUXD (U0/I_NO_D.U_ILA/U_TRIG/U_TM/G_NMU[0].U_M/U_MU/I_MUT_GANDX.U_match/I_CS_GANDX.U_CS_GANDX_SRL/I_S6.U_CS_GANDX_SRL_S6/U_CS_GAND_SRL_S6/I_USE_RPM_EQ0.U_GAND_SRL_SET/gand_carry<8>)
     MUXCY_L:CI->LO        1   0.023   0.000  U0/I_NO_D.U_ILA/U_TRIG/U_TM/G_NMU[0].U_M/U_MU/I_MUT_GANDX.U_match/I_CS_GANDX.U_CS_GANDX_SRL/I_S6.U_CS_GANDX_SRL_S6/U_CS_GAND_SRL_S6/I_USE_RPM_EQ0.U_GAND_SRL_SET/I_WHOLE_SLICE.G_SLICE_IDX[8].U_GAND_SRL_SLICE_NO_RPM/U_MUXA (U0/I_NO_D.U_ILA/U_TRIG/U_TM/G_NMU[0].U_M/U_MU/I_MUT_GANDX.U_match/I_CS_GANDX.U_CS_GANDX_SRL/I_S6.U_CS_GANDX_SRL_S6/U_CS_GAND_SRL_S6/I_USE_RPM_EQ0.U_GAND_SRL_SET/I_WHOLE_SLICE.G_SLICE_IDX[8].U_GAND_SRL_SLICE_NO_RPM/muxcy_lo<0>)
     MUXCY_L:CI->LO        1   0.023   0.000  U0/I_NO_D.U_ILA/U_TRIG/U_TM/G_NMU[0].U_M/U_MU/I_MUT_GANDX.U_match/I_CS_GANDX.U_CS_GANDX_SRL/I_S6.U_CS_GANDX_SRL_S6/U_CS_GAND_SRL_S6/I_USE_RPM_EQ0.U_GAND_SRL_SET/I_WHOLE_SLICE.G_SLICE_IDX[8].U_GAND_SRL_SLICE_NO_RPM/U_MUXB (U0/I_NO_D.U_ILA/U_TRIG/U_TM/G_NMU[0].U_M/U_MU/I_MUT_GANDX.U_match/I_CS_GANDX.U_CS_GANDX_SRL/I_S6.U_CS_GANDX_SRL_S6/U_CS_GAND_SRL_S6/I_USE_RPM_EQ0.U_GAND_SRL_SET/I_WHOLE_SLICE.G_SLICE_IDX[8].U_GAND_SRL_SLICE_NO_RPM/muxcy_lo<1>)
     MUXCY_L:CI->LO        1   0.023   0.000  U0/I_NO_D.U_ILA/U_TRIG/U_TM/G_NMU[0].U_M/U_MU/I_MUT_GANDX.U_match/I_CS_GANDX.U_CS_GANDX_SRL/I_S6.U_CS_GANDX_SRL_S6/U_CS_GAND_SRL_S6/I_USE_RPM_EQ0.U_GAND_SRL_SET/I_WHOLE_SLICE.G_SLICE_IDX[8].U_GAND_SRL_SLICE_NO_RPM/U_MUXC (U0/I_NO_D.U_ILA/U_TRIG/U_TM/G_NMU[0].U_M/U_MU/I_MUT_GANDX.U_match/I_CS_GANDX.U_CS_GANDX_SRL/I_S6.U_CS_GANDX_SRL_S6/U_CS_GAND_SRL_S6/I_USE_RPM_EQ0.U_GAND_SRL_SET/I_WHOLE_SLICE.G_SLICE_IDX[8].U_GAND_SRL_SLICE_NO_RPM/muxcy_lo<2>)
     MUXCY_L:CI->LO        1   0.023   0.000  U0/I_NO_D.U_ILA/U_TRIG/U_TM/G_NMU[0].U_M/U_MU/I_MUT_GANDX.U_match/I_CS_GANDX.U_CS_GANDX_SRL/I_S6.U_CS_GANDX_SRL_S6/U_CS_GAND_SRL_S6/I_USE_RPM_EQ0.U_GAND_SRL_SET/I_WHOLE_SLICE.G_SLICE_IDX[8].U_GAND_SRL_SLICE_NO_RPM/U_MUXD (U0/I_NO_D.U_ILA/U_TRIG/U_TM/G_NMU[0].U_M/U_MU/I_MUT_GANDX.U_match/I_CS_GANDX.U_CS_GANDX_SRL/I_S6.U_CS_GANDX_SRL_S6/U_CS_GAND_SRL_S6/I_USE_RPM_EQ0.U_GAND_SRL_SET/gand_carry<9>)
     MUXCY_L:CI->LO        1   0.023   0.000  U0/I_NO_D.U_ILA/U_TRIG/U_TM/G_NMU[0].U_M/U_MU/I_MUT_GANDX.U_match/I_CS_GANDX.U_CS_GANDX_SRL/I_S6.U_CS_GANDX_SRL_S6/U_CS_GAND_SRL_S6/I_USE_RPM_EQ0.U_GAND_SRL_SET/I_WHOLE_SLICE.G_SLICE_IDX[9].U_GAND_SRL_SLICE_NO_RPM/U_MUXA (U0/I_NO_D.U_ILA/U_TRIG/U_TM/G_NMU[0].U_M/U_MU/I_MUT_GANDX.U_match/I_CS_GANDX.U_CS_GANDX_SRL/I_S6.U_CS_GANDX_SRL_S6/U_CS_GAND_SRL_S6/I_USE_RPM_EQ0.U_GAND_SRL_SET/I_WHOLE_SLICE.G_SLICE_IDX[9].U_GAND_SRL_SLICE_NO_RPM/muxcy_lo<0>)
     MUXCY_L:CI->LO        1   0.023   0.000  U0/I_NO_D.U_ILA/U_TRIG/U_TM/G_NMU[0].U_M/U_MU/I_MUT_GANDX.U_match/I_CS_GANDX.U_CS_GANDX_SRL/I_S6.U_CS_GANDX_SRL_S6/U_CS_GAND_SRL_S6/I_USE_RPM_EQ0.U_GAND_SRL_SET/I_WHOLE_SLICE.G_SLICE_IDX[9].U_GAND_SRL_SLICE_NO_RPM/U_MUXB (U0/I_NO_D.U_ILA/U_TRIG/U_TM/G_NMU[0].U_M/U_MU/I_MUT_GANDX.U_match/I_CS_GANDX.U_CS_GANDX_SRL/I_S6.U_CS_GANDX_SRL_S6/U_CS_GAND_SRL_S6/I_USE_RPM_EQ0.U_GAND_SRL_SET/I_WHOLE_SLICE.G_SLICE_IDX[9].U_GAND_SRL_SLICE_NO_RPM/muxcy_lo<1>)
     MUXCY_L:CI->LO        1   0.023   0.000  U0/I_NO_D.U_ILA/U_TRIG/U_TM/G_NMU[0].U_M/U_MU/I_MUT_GANDX.U_match/I_CS_GANDX.U_CS_GANDX_SRL/I_S6.U_CS_GANDX_SRL_S6/U_CS_GAND_SRL_S6/I_USE_RPM_EQ0.U_GAND_SRL_SET/I_WHOLE_SLICE.G_SLICE_IDX[9].U_GAND_SRL_SLICE_NO_RPM/U_MUXC (U0/I_NO_D.U_ILA/U_TRIG/U_TM/G_NMU[0].U_M/U_MU/I_MUT_GANDX.U_match/I_CS_GANDX.U_CS_GANDX_SRL/I_S6.U_CS_GANDX_SRL_S6/U_CS_GAND_SRL_S6/I_USE_RPM_EQ0.U_GAND_SRL_SET/I_WHOLE_SLICE.G_SLICE_IDX[9].U_GAND_SRL_SLICE_NO_RPM/muxcy_lo<2>)
     MUXCY_L:CI->LO        1   0.023   0.000  U0/I_NO_D.U_ILA/U_TRIG/U_TM/G_NMU[0].U_M/U_MU/I_MUT_GANDX.U_match/I_CS_GANDX.U_CS_GANDX_SRL/I_S6.U_CS_GANDX_SRL_S6/U_CS_GAND_SRL_S6/I_USE_RPM_EQ0.U_GAND_SRL_SET/I_WHOLE_SLICE.G_SLICE_IDX[9].U_GAND_SRL_SLICE_NO_RPM/U_MUXD (U0/I_NO_D.U_ILA/U_TRIG/U_TM/G_NMU[0].U_M/U_MU/I_MUT_GANDX.U_match/I_CS_GANDX.U_CS_GANDX_SRL/I_S6.U_CS_GANDX_SRL_S6/U_CS_GAND_SRL_S6/I_USE_RPM_EQ0.U_GAND_SRL_SET/gand_carry<10>)
     MUXCY_L:CI->LO        1   0.023   0.000  U0/I_NO_D.U_ILA/U_TRIG/U_TM/G_NMU[0].U_M/U_MU/I_MUT_GANDX.U_match/I_CS_GANDX.U_CS_GANDX_SRL/I_S6.U_CS_GANDX_SRL_S6/U_CS_GAND_SRL_S6/I_USE_RPM_EQ0.U_GAND_SRL_SET/I_WHOLE_SLICE.G_SLICE_IDX[10].U_GAND_SRL_SLICE_NO_RPM/U_MUXA (U0/I_NO_D.U_ILA/U_TRIG/U_TM/G_NMU[0].U_M/U_MU/I_MUT_GANDX.U_match/I_CS_GANDX.U_CS_GANDX_SRL/I_S6.U_CS_GANDX_SRL_S6/U_CS_GAND_SRL_S6/I_USE_RPM_EQ0.U_GAND_SRL_SET/I_WHOLE_SLICE.G_SLICE_IDX[10].U_GAND_SRL_SLICE_NO_RPM/muxcy_lo<0>)
     MUXCY_L:CI->LO        1   0.023   0.000  U0/I_NO_D.U_ILA/U_TRIG/U_TM/G_NMU[0].U_M/U_MU/I_MUT_GANDX.U_match/I_CS_GANDX.U_CS_GANDX_SRL/I_S6.U_CS_GANDX_SRL_S6/U_CS_GAND_SRL_S6/I_USE_RPM_EQ0.U_GAND_SRL_SET/I_WHOLE_SLICE.G_SLICE_IDX[10].U_GAND_SRL_SLICE_NO_RPM/U_MUXB (U0/I_NO_D.U_ILA/U_TRIG/U_TM/G_NMU[0].U_M/U_MU/I_MUT_GANDX.U_match/I_CS_GANDX.U_CS_GANDX_SRL/I_S6.U_CS_GANDX_SRL_S6/U_CS_GAND_SRL_S6/I_USE_RPM_EQ0.U_GAND_SRL_SET/I_WHOLE_SLICE.G_SLICE_IDX[10].U_GAND_SRL_SLICE_NO_RPM/muxcy_lo<1>)
     MUXCY_L:CI->LO        1   0.023   0.000  U0/I_NO_D.U_ILA/U_TRIG/U_TM/G_NMU[0].U_M/U_MU/I_MUT_GANDX.U_match/I_CS_GANDX.U_CS_GANDX_SRL/I_S6.U_CS_GANDX_SRL_S6/U_CS_GAND_SRL_S6/I_USE_RPM_EQ0.U_GAND_SRL_SET/I_WHOLE_SLICE.G_SLICE_IDX[10].U_GAND_SRL_SLICE_NO_RPM/U_MUXC (U0/I_NO_D.U_ILA/U_TRIG/U_TM/G_NMU[0].U_M/U_MU/I_MUT_GANDX.U_match/I_CS_GANDX.U_CS_GANDX_SRL/I_S6.U_CS_GANDX_SRL_S6/U_CS_GAND_SRL_S6/I_USE_RPM_EQ0.U_GAND_SRL_SET/I_WHOLE_SLICE.G_SLICE_IDX[10].U_GAND_SRL_SLICE_NO_RPM/muxcy_lo<2>)
     MUXCY_L:CI->LO        1   0.023   0.000  U0/I_NO_D.U_ILA/U_TRIG/U_TM/G_NMU[0].U_M/U_MU/I_MUT_GANDX.U_match/I_CS_GANDX.U_CS_GANDX_SRL/I_S6.U_CS_GANDX_SRL_S6/U_CS_GAND_SRL_S6/I_USE_RPM_EQ0.U_GAND_SRL_SET/I_WHOLE_SLICE.G_SLICE_IDX[10].U_GAND_SRL_SLICE_NO_RPM/U_MUXD (U0/I_NO_D.U_ILA/U_TRIG/U_TM/G_NMU[0].U_M/U_MU/I_MUT_GANDX.U_match/I_CS_GANDX.U_CS_GANDX_SRL/I_S6.U_CS_GANDX_SRL_S6/U_CS_GAND_SRL_S6/I_USE_RPM_EQ0.U_GAND_SRL_SET/gand_carry<11>)
     MUXCY_L:CI->LO        1   0.023   0.000  U0/I_NO_D.U_ILA/U_TRIG/U_TM/G_NMU[0].U_M/U_MU/I_MUT_GANDX.U_match/I_CS_GANDX.U_CS_GANDX_SRL/I_S6.U_CS_GANDX_SRL_S6/U_CS_GAND_SRL_S6/I_USE_RPM_EQ0.U_GAND_SRL_SET/I_WHOLE_SLICE.G_SLICE_IDX[11].U_GAND_SRL_SLICE_NO_RPM/U_MUXA (U0/I_NO_D.U_ILA/U_TRIG/U_TM/G_NMU[0].U_M/U_MU/I_MUT_GANDX.U_match/I_CS_GANDX.U_CS_GANDX_SRL/I_S6.U_CS_GANDX_SRL_S6/U_CS_GAND_SRL_S6/I_USE_RPM_EQ0.U_GAND_SRL_SET/I_WHOLE_SLICE.G_SLICE_IDX[11].U_GAND_SRL_SLICE_NO_RPM/muxcy_lo<0>)
     MUXCY_L:CI->LO        1   0.023   0.000  U0/I_NO_D.U_ILA/U_TRIG/U_TM/G_NMU[0].U_M/U_MU/I_MUT_GANDX.U_match/I_CS_GANDX.U_CS_GANDX_SRL/I_S6.U_CS_GANDX_SRL_S6/U_CS_GAND_SRL_S6/I_USE_RPM_EQ0.U_GAND_SRL_SET/I_WHOLE_SLICE.G_SLICE_IDX[11].U_GAND_SRL_SLICE_NO_RPM/U_MUXB (U0/I_NO_D.U_ILA/U_TRIG/U_TM/G_NMU[0].U_M/U_MU/I_MUT_GANDX.U_match/I_CS_GANDX.U_CS_GANDX_SRL/I_S6.U_CS_GANDX_SRL_S6/U_CS_GAND_SRL_S6/I_USE_RPM_EQ0.U_GAND_SRL_SET/I_WHOLE_SLICE.G_SLICE_IDX[11].U_GAND_SRL_SLICE_NO_RPM/muxcy_lo<1>)
     MUXCY_L:CI->LO        1   0.023   0.000  U0/I_NO_D.U_ILA/U_TRIG/U_TM/G_NMU[0].U_M/U_MU/I_MUT_GANDX.U_match/I_CS_GANDX.U_CS_GANDX_SRL/I_S6.U_CS_GANDX_SRL_S6/U_CS_GAND_SRL_S6/I_USE_RPM_EQ0.U_GAND_SRL_SET/I_WHOLE_SLICE.G_SLICE_IDX[11].U_GAND_SRL_SLICE_NO_RPM/U_MUXC (U0/I_NO_D.U_ILA/U_TRIG/U_TM/G_NMU[0].U_M/U_MU/I_MUT_GANDX.U_match/I_CS_GANDX.U_CS_GANDX_SRL/I_S6.U_CS_GANDX_SRL_S6/U_CS_GAND_SRL_S6/I_USE_RPM_EQ0.U_GAND_SRL_SET/I_WHOLE_SLICE.G_SLICE_IDX[11].U_GAND_SRL_SLICE_NO_RPM/muxcy_lo<2>)
     MUXCY_L:CI->LO        1   0.023   0.000  U0/I_NO_D.U_ILA/U_TRIG/U_TM/G_NMU[0].U_M/U_MU/I_MUT_GANDX.U_match/I_CS_GANDX.U_CS_GANDX_SRL/I_S6.U_CS_GANDX_SRL_S6/U_CS_GAND_SRL_S6/I_USE_RPM_EQ0.U_GAND_SRL_SET/I_WHOLE_SLICE.G_SLICE_IDX[11].U_GAND_SRL_SLICE_NO_RPM/U_MUXD (U0/I_NO_D.U_ILA/U_TRIG/U_TM/G_NMU[0].U_M/U_MU/I_MUT_GANDX.U_match/I_CS_GANDX.U_CS_GANDX_SRL/I_S6.U_CS_GANDX_SRL_S6/U_CS_GAND_SRL_S6/I_USE_RPM_EQ0.U_GAND_SRL_SET/gand_carry<12>)
     MUXCY_L:CI->LO        1   0.023   0.000  U0/I_NO_D.U_ILA/U_TRIG/U_TM/G_NMU[0].U_M/U_MU/I_MUT_GANDX.U_match/I_CS_GANDX.U_CS_GANDX_SRL/I_S6.U_CS_GANDX_SRL_S6/U_CS_GAND_SRL_S6/I_USE_RPM_EQ0.U_GAND_SRL_SET/I_WHOLE_SLICE.G_SLICE_IDX[12].U_GAND_SRL_SLICE_NO_RPM/U_MUXA (U0/I_NO_D.U_ILA/U_TRIG/U_TM/G_NMU[0].U_M/U_MU/I_MUT_GANDX.U_match/I_CS_GANDX.U_CS_GANDX_SRL/I_S6.U_CS_GANDX_SRL_S6/U_CS_GAND_SRL_S6/I_USE_RPM_EQ0.U_GAND_SRL_SET/I_WHOLE_SLICE.G_SLICE_IDX[12].U_GAND_SRL_SLICE_NO_RPM/muxcy_lo<0>)
     MUXCY_L:CI->LO        1   0.023   0.000  U0/I_NO_D.U_ILA/U_TRIG/U_TM/G_NMU[0].U_M/U_MU/I_MUT_GANDX.U_match/I_CS_GANDX.U_CS_GANDX_SRL/I_S6.U_CS_GANDX_SRL_S6/U_CS_GAND_SRL_S6/I_USE_RPM_EQ0.U_GAND_SRL_SET/I_WHOLE_SLICE.G_SLICE_IDX[12].U_GAND_SRL_SLICE_NO_RPM/U_MUXB (U0/I_NO_D.U_ILA/U_TRIG/U_TM/G_NMU[0].U_M/U_MU/I_MUT_GANDX.U_match/I_CS_GANDX.U_CS_GANDX_SRL/I_S6.U_CS_GANDX_SRL_S6/U_CS_GAND_SRL_S6/I_USE_RPM_EQ0.U_GAND_SRL_SET/I_WHOLE_SLICE.G_SLICE_IDX[12].U_GAND_SRL_SLICE_NO_RPM/muxcy_lo<1>)
     MUXCY_L:CI->LO        1   0.023   0.000  U0/I_NO_D.U_ILA/U_TRIG/U_TM/G_NMU[0].U_M/U_MU/I_MUT_GANDX.U_match/I_CS_GANDX.U_CS_GANDX_SRL/I_S6.U_CS_GANDX_SRL_S6/U_CS_GAND_SRL_S6/I_USE_RPM_EQ0.U_GAND_SRL_SET/I_WHOLE_SLICE.G_SLICE_IDX[12].U_GAND_SRL_SLICE_NO_RPM/U_MUXC (U0/I_NO_D.U_ILA/U_TRIG/U_TM/G_NMU[0].U_M/U_MU/I_MUT_GANDX.U_match/I_CS_GANDX.U_CS_GANDX_SRL/I_S6.U_CS_GANDX_SRL_S6/U_CS_GAND_SRL_S6/I_USE_RPM_EQ0.U_GAND_SRL_SET/I_WHOLE_SLICE.G_SLICE_IDX[12].U_GAND_SRL_SLICE_NO_RPM/muxcy_lo<2>)
     MUXCY_L:CI->LO        1   0.023   0.000  U0/I_NO_D.U_ILA/U_TRIG/U_TM/G_NMU[0].U_M/U_MU/I_MUT_GANDX.U_match/I_CS_GANDX.U_CS_GANDX_SRL/I_S6.U_CS_GANDX_SRL_S6/U_CS_GAND_SRL_S6/I_USE_RPM_EQ0.U_GAND_SRL_SET/I_WHOLE_SLICE.G_SLICE_IDX[12].U_GAND_SRL_SLICE_NO_RPM/U_MUXD (U0/I_NO_D.U_ILA/U_TRIG/U_TM/G_NMU[0].U_M/U_MU/I_MUT_GANDX.U_match/I_CS_GANDX.U_CS_GANDX_SRL/I_S6.U_CS_GANDX_SRL_S6/U_CS_GAND_SRL_S6/I_USE_RPM_EQ0.U_GAND_SRL_SET/gand_carry<13>)
     MUXCY_L:CI->LO        1   0.023   0.000  U0/I_NO_D.U_ILA/U_TRIG/U_TM/G_NMU[0].U_M/U_MU/I_MUT_GANDX.U_match/I_CS_GANDX.U_CS_GANDX_SRL/I_S6.U_CS_GANDX_SRL_S6/U_CS_GAND_SRL_S6/I_USE_RPM_EQ0.U_GAND_SRL_SET/I_WHOLE_SLICE.G_SLICE_IDX[13].U_GAND_SRL_SLICE_NO_RPM/U_MUXA (U0/I_NO_D.U_ILA/U_TRIG/U_TM/G_NMU[0].U_M/U_MU/I_MUT_GANDX.U_match/I_CS_GANDX.U_CS_GANDX_SRL/I_S6.U_CS_GANDX_SRL_S6/U_CS_GAND_SRL_S6/I_USE_RPM_EQ0.U_GAND_SRL_SET/I_WHOLE_SLICE.G_SLICE_IDX[13].U_GAND_SRL_SLICE_NO_RPM/muxcy_lo<0>)
     MUXCY_L:CI->LO        1   0.023   0.000  U0/I_NO_D.U_ILA/U_TRIG/U_TM/G_NMU[0].U_M/U_MU/I_MUT_GANDX.U_match/I_CS_GANDX.U_CS_GANDX_SRL/I_S6.U_CS_GANDX_SRL_S6/U_CS_GAND_SRL_S6/I_USE_RPM_EQ0.U_GAND_SRL_SET/I_WHOLE_SLICE.G_SLICE_IDX[13].U_GAND_SRL_SLICE_NO_RPM/U_MUXB (U0/I_NO_D.U_ILA/U_TRIG/U_TM/G_NMU[0].U_M/U_MU/I_MUT_GANDX.U_match/I_CS_GANDX.U_CS_GANDX_SRL/I_S6.U_CS_GANDX_SRL_S6/U_CS_GAND_SRL_S6/I_USE_RPM_EQ0.U_GAND_SRL_SET/I_WHOLE_SLICE.G_SLICE_IDX[13].U_GAND_SRL_SLICE_NO_RPM/muxcy_lo<1>)
     MUXCY_L:CI->LO        1   0.023   0.000  U0/I_NO_D.U_ILA/U_TRIG/U_TM/G_NMU[0].U_M/U_MU/I_MUT_GANDX.U_match/I_CS_GANDX.U_CS_GANDX_SRL/I_S6.U_CS_GANDX_SRL_S6/U_CS_GAND_SRL_S6/I_USE_RPM_EQ0.U_GAND_SRL_SET/I_WHOLE_SLICE.G_SLICE_IDX[13].U_GAND_SRL_SLICE_NO_RPM/U_MUXC (U0/I_NO_D.U_ILA/U_TRIG/U_TM/G_NMU[0].U_M/U_MU/I_MUT_GANDX.U_match/I_CS_GANDX.U_CS_GANDX_SRL/I_S6.U_CS_GANDX_SRL_S6/U_CS_GAND_SRL_S6/I_USE_RPM_EQ0.U_GAND_SRL_SET/I_WHOLE_SLICE.G_SLICE_IDX[13].U_GAND_SRL_SLICE_NO_RPM/muxcy_lo<2>)
     MUXCY_L:CI->LO        1   0.023   0.000  U0/I_NO_D.U_ILA/U_TRIG/U_TM/G_NMU[0].U_M/U_MU/I_MUT_GANDX.U_match/I_CS_GANDX.U_CS_GANDX_SRL/I_S6.U_CS_GANDX_SRL_S6/U_CS_GAND_SRL_S6/I_USE_RPM_EQ0.U_GAND_SRL_SET/I_WHOLE_SLICE.G_SLICE_IDX[13].U_GAND_SRL_SLICE_NO_RPM/U_MUXD (U0/I_NO_D.U_ILA/U_TRIG/U_TM/G_NMU[0].U_M/U_MU/I_MUT_GANDX.U_match/I_CS_GANDX.U_CS_GANDX_SRL/I_S6.U_CS_GANDX_SRL_S6/U_CS_GAND_SRL_S6/I_USE_RPM_EQ0.U_GAND_SRL_SET/gand_carry<14>)
     MUXCY_L:CI->LO        1   0.023   0.000  U0/I_NO_D.U_ILA/U_TRIG/U_TM/G_NMU[0].U_M/U_MU/I_MUT_GANDX.U_match/I_CS_GANDX.U_CS_GANDX_SRL/I_S6.U_CS_GANDX_SRL_S6/U_CS_GAND_SRL_S6/I_USE_RPM_EQ0.U_GAND_SRL_SET/I_WHOLE_SLICE.G_SLICE_IDX[14].U_GAND_SRL_SLICE_NO_RPM/U_MUXA (U0/I_NO_D.U_ILA/U_TRIG/U_TM/G_NMU[0].U_M/U_MU/I_MUT_GANDX.U_match/I_CS_GANDX.U_CS_GANDX_SRL/I_S6.U_CS_GANDX_SRL_S6/U_CS_GAND_SRL_S6/I_USE_RPM_EQ0.U_GAND_SRL_SET/I_WHOLE_SLICE.G_SLICE_IDX[14].U_GAND_SRL_SLICE_NO_RPM/muxcy_lo<0>)
     MUXCY_L:CI->LO        1   0.023   0.000  U0/I_NO_D.U_ILA/U_TRIG/U_TM/G_NMU[0].U_M/U_MU/I_MUT_GANDX.U_match/I_CS_GANDX.U_CS_GANDX_SRL/I_S6.U_CS_GANDX_SRL_S6/U_CS_GAND_SRL_S6/I_USE_RPM_EQ0.U_GAND_SRL_SET/I_WHOLE_SLICE.G_SLICE_IDX[14].U_GAND_SRL_SLICE_NO_RPM/U_MUXB (U0/I_NO_D.U_ILA/U_TRIG/U_TM/G_NMU[0].U_M/U_MU/I_MUT_GANDX.U_match/I_CS_GANDX.U_CS_GANDX_SRL/I_S6.U_CS_GANDX_SRL_S6/U_CS_GAND_SRL_S6/I_USE_RPM_EQ0.U_GAND_SRL_SET/I_WHOLE_SLICE.G_SLICE_IDX[14].U_GAND_SRL_SLICE_NO_RPM/muxcy_lo<1>)
     MUXCY_L:CI->LO        1   0.023   0.000  U0/I_NO_D.U_ILA/U_TRIG/U_TM/G_NMU[0].U_M/U_MU/I_MUT_GANDX.U_match/I_CS_GANDX.U_CS_GANDX_SRL/I_S6.U_CS_GANDX_SRL_S6/U_CS_GAND_SRL_S6/I_USE_RPM_EQ0.U_GAND_SRL_SET/I_WHOLE_SLICE.G_SLICE_IDX[14].U_GAND_SRL_SLICE_NO_RPM/U_MUXC (U0/I_NO_D.U_ILA/U_TRIG/U_TM/G_NMU[0].U_M/U_MU/I_MUT_GANDX.U_match/I_CS_GANDX.U_CS_GANDX_SRL/I_S6.U_CS_GANDX_SRL_S6/U_CS_GAND_SRL_S6/I_USE_RPM_EQ0.U_GAND_SRL_SET/I_WHOLE_SLICE.G_SLICE_IDX[14].U_GAND_SRL_SLICE_NO_RPM/muxcy_lo<2>)
     MUXCY_L:CI->LO        1   0.023   0.000  U0/I_NO_D.U_ILA/U_TRIG/U_TM/G_NMU[0].U_M/U_MU/I_MUT_GANDX.U_match/I_CS_GANDX.U_CS_GANDX_SRL/I_S6.U_CS_GANDX_SRL_S6/U_CS_GAND_SRL_S6/I_USE_RPM_EQ0.U_GAND_SRL_SET/I_WHOLE_SLICE.G_SLICE_IDX[14].U_GAND_SRL_SLICE_NO_RPM/U_MUXD (U0/I_NO_D.U_ILA/U_TRIG/U_TM/G_NMU[0].U_M/U_MU/I_MUT_GANDX.U_match/I_CS_GANDX.U_CS_GANDX_SRL/I_S6.U_CS_GANDX_SRL_S6/U_CS_GAND_SRL_S6/I_USE_RPM_EQ0.U_GAND_SRL_SET/gand_carry<15>)
     MUXCY_L:CI->LO        1   0.023   0.000  U0/I_NO_D.U_ILA/U_TRIG/U_TM/G_NMU[0].U_M/U_MU/I_MUT_GANDX.U_match/I_CS_GANDX.U_CS_GANDX_SRL/I_S6.U_CS_GANDX_SRL_S6/U_CS_GAND_SRL_S6/I_USE_RPM_EQ0.U_GAND_SRL_SET/I_WHOLE_SLICE.G_SLICE_IDX[15].U_GAND_SRL_SLICE_NO_RPM/U_MUXA (U0/I_NO_D.U_ILA/U_TRIG/U_TM/G_NMU[0].U_M/U_MU/I_MUT_GANDX.U_match/I_CS_GANDX.U_CS_GANDX_SRL/I_S6.U_CS_GANDX_SRL_S6/U_CS_GAND_SRL_S6/I_USE_RPM_EQ0.U_GAND_SRL_SET/I_WHOLE_SLICE.G_SLICE_IDX[15].U_GAND_SRL_SLICE_NO_RPM/muxcy_lo<0>)
     MUXCY_L:CI->LO        1   0.023   0.000  U0/I_NO_D.U_ILA/U_TRIG/U_TM/G_NMU[0].U_M/U_MU/I_MUT_GANDX.U_match/I_CS_GANDX.U_CS_GANDX_SRL/I_S6.U_CS_GANDX_SRL_S6/U_CS_GAND_SRL_S6/I_USE_RPM_EQ0.U_GAND_SRL_SET/I_WHOLE_SLICE.G_SLICE_IDX[15].U_GAND_SRL_SLICE_NO_RPM/U_MUXB (U0/I_NO_D.U_ILA/U_TRIG/U_TM/G_NMU[0].U_M/U_MU/I_MUT_GANDX.U_match/I_CS_GANDX.U_CS_GANDX_SRL/I_S6.U_CS_GANDX_SRL_S6/U_CS_GAND_SRL_S6/I_USE_RPM_EQ0.U_GAND_SRL_SET/I_WHOLE_SLICE.G_SLICE_IDX[15].U_GAND_SRL_SLICE_NO_RPM/muxcy_lo<1>)
     MUXCY_L:CI->LO        1   0.023   0.000  U0/I_NO_D.U_ILA/U_TRIG/U_TM/G_NMU[0].U_M/U_MU/I_MUT_GANDX.U_match/I_CS_GANDX.U_CS_GANDX_SRL/I_S6.U_CS_GANDX_SRL_S6/U_CS_GAND_SRL_S6/I_USE_RPM_EQ0.U_GAND_SRL_SET/I_WHOLE_SLICE.G_SLICE_IDX[15].U_GAND_SRL_SLICE_NO_RPM/U_MUXC (U0/I_NO_D.U_ILA/U_TRIG/U_TM/G_NMU[0].U_M/U_MU/I_MUT_GANDX.U_match/I_CS_GANDX.U_CS_GANDX_SRL/I_S6.U_CS_GANDX_SRL_S6/U_CS_GAND_SRL_S6/I_USE_RPM_EQ0.U_GAND_SRL_SET/I_WHOLE_SLICE.G_SLICE_IDX[15].U_GAND_SRL_SLICE_NO_RPM/muxcy_lo<2>)
     MUXCY_L:CI->LO        1   0.023   0.000  U0/I_NO_D.U_ILA/U_TRIG/U_TM/G_NMU[0].U_M/U_MU/I_MUT_GANDX.U_match/I_CS_GANDX.U_CS_GANDX_SRL/I_S6.U_CS_GANDX_SRL_S6/U_CS_GAND_SRL_S6/I_USE_RPM_EQ0.U_GAND_SRL_SET/I_WHOLE_SLICE.G_SLICE_IDX[15].U_GAND_SRL_SLICE_NO_RPM/U_MUXD (U0/I_NO_D.U_ILA/U_TRIG/U_TM/G_NMU[0].U_M/U_MU/I_MUT_GANDX.U_match/I_CS_GANDX.U_CS_GANDX_SRL/I_S6.U_CS_GANDX_SRL_S6/U_CS_GAND_SRL_S6/I_USE_RPM_EQ0.U_GAND_SRL_SET/gand_carry<16>)
     MUXCY_L:CI->LO        1   0.023   0.000  U0/I_NO_D.U_ILA/U_TRIG/U_TM/G_NMU[0].U_M/U_MU/I_MUT_GANDX.U_match/I_CS_GANDX.U_CS_GANDX_SRL/I_S6.U_CS_GANDX_SRL_S6/U_CS_GAND_SRL_S6/I_USE_RPM_EQ0.U_GAND_SRL_SET/I_WHOLE_SLICE.G_SLICE_IDX[16].U_GAND_SRL_SLICE_NO_RPM/U_MUXA (U0/I_NO_D.U_ILA/U_TRIG/U_TM/G_NMU[0].U_M/U_MU/I_MUT_GANDX.U_match/I_CS_GANDX.U_CS_GANDX_SRL/I_S6.U_CS_GANDX_SRL_S6/U_CS_GAND_SRL_S6/I_USE_RPM_EQ0.U_GAND_SRL_SET/I_WHOLE_SLICE.G_SLICE_IDX[16].U_GAND_SRL_SLICE_NO_RPM/muxcy_lo<0>)
     MUXCY_L:CI->LO        1   0.023   0.000  U0/I_NO_D.U_ILA/U_TRIG/U_TM/G_NMU[0].U_M/U_MU/I_MUT_GANDX.U_match/I_CS_GANDX.U_CS_GANDX_SRL/I_S6.U_CS_GANDX_SRL_S6/U_CS_GAND_SRL_S6/I_USE_RPM_EQ0.U_GAND_SRL_SET/I_WHOLE_SLICE.G_SLICE_IDX[16].U_GAND_SRL_SLICE_NO_RPM/U_MUXB (U0/I_NO_D.U_ILA/U_TRIG/U_TM/G_NMU[0].U_M/U_MU/I_MUT_GANDX.U_match/I_CS_GANDX.U_CS_GANDX_SRL/I_S6.U_CS_GANDX_SRL_S6/U_CS_GAND_SRL_S6/I_USE_RPM_EQ0.U_GAND_SRL_SET/I_WHOLE_SLICE.G_SLICE_IDX[16].U_GAND_SRL_SLICE_NO_RPM/muxcy_lo<1>)
     MUXCY_L:CI->LO        1   0.023   0.000  U0/I_NO_D.U_ILA/U_TRIG/U_TM/G_NMU[0].U_M/U_MU/I_MUT_GANDX.U_match/I_CS_GANDX.U_CS_GANDX_SRL/I_S6.U_CS_GANDX_SRL_S6/U_CS_GAND_SRL_S6/I_USE_RPM_EQ0.U_GAND_SRL_SET/I_WHOLE_SLICE.G_SLICE_IDX[16].U_GAND_SRL_SLICE_NO_RPM/U_MUXC (U0/I_NO_D.U_ILA/U_TRIG/U_TM/G_NMU[0].U_M/U_MU/I_MUT_GANDX.U_match/I_CS_GANDX.U_CS_GANDX_SRL/I_S6.U_CS_GANDX_SRL_S6/U_CS_GAND_SRL_S6/I_USE_RPM_EQ0.U_GAND_SRL_SET/I_WHOLE_SLICE.G_SLICE_IDX[16].U_GAND_SRL_SLICE_NO_RPM/muxcy_lo<2>)
     MUXCY_L:CI->LO        1   0.023   0.000  U0/I_NO_D.U_ILA/U_TRIG/U_TM/G_NMU[0].U_M/U_MU/I_MUT_GANDX.U_match/I_CS_GANDX.U_CS_GANDX_SRL/I_S6.U_CS_GANDX_SRL_S6/U_CS_GAND_SRL_S6/I_USE_RPM_EQ0.U_GAND_SRL_SET/I_WHOLE_SLICE.G_SLICE_IDX[16].U_GAND_SRL_SLICE_NO_RPM/U_MUXD (U0/I_NO_D.U_ILA/U_TRIG/U_TM/G_NMU[0].U_M/U_MU/I_MUT_GANDX.U_match/I_CS_GANDX.U_CS_GANDX_SRL/I_S6.U_CS_GANDX_SRL_S6/U_CS_GAND_SRL_S6/I_USE_RPM_EQ0.U_GAND_SRL_SET/gand_carry<17>)
     MUXCY_L:CI->LO        1   0.023   0.000  U0/I_NO_D.U_ILA/U_TRIG/U_TM/G_NMU[0].U_M/U_MU/I_MUT_GANDX.U_match/I_CS_GANDX.U_CS_GANDX_SRL/I_S6.U_CS_GANDX_SRL_S6/U_CS_GAND_SRL_S6/I_USE_RPM_EQ0.U_GAND_SRL_SET/I_WHOLE_SLICE.G_SLICE_IDX[17].U_GAND_SRL_SLICE_NO_RPM/U_MUXA (U0/I_NO_D.U_ILA/U_TRIG/U_TM/G_NMU[0].U_M/U_MU/I_MUT_GANDX.U_match/I_CS_GANDX.U_CS_GANDX_SRL/I_S6.U_CS_GANDX_SRL_S6/U_CS_GAND_SRL_S6/I_USE_RPM_EQ0.U_GAND_SRL_SET/I_WHOLE_SLICE.G_SLICE_IDX[17].U_GAND_SRL_SLICE_NO_RPM/muxcy_lo<0>)
     MUXCY_L:CI->LO        1   0.023   0.000  U0/I_NO_D.U_ILA/U_TRIG/U_TM/G_NMU[0].U_M/U_MU/I_MUT_GANDX.U_match/I_CS_GANDX.U_CS_GANDX_SRL/I_S6.U_CS_GANDX_SRL_S6/U_CS_GAND_SRL_S6/I_USE_RPM_EQ0.U_GAND_SRL_SET/I_WHOLE_SLICE.G_SLICE_IDX[17].U_GAND_SRL_SLICE_NO_RPM/U_MUXB (U0/I_NO_D.U_ILA/U_TRIG/U_TM/G_NMU[0].U_M/U_MU/I_MUT_GANDX.U_match/I_CS_GANDX.U_CS_GANDX_SRL/I_S6.U_CS_GANDX_SRL_S6/U_CS_GAND_SRL_S6/I_USE_RPM_EQ0.U_GAND_SRL_SET/I_WHOLE_SLICE.G_SLICE_IDX[17].U_GAND_SRL_SLICE_NO_RPM/muxcy_lo<1>)
     MUXCY_L:CI->LO        1   0.023   0.000  U0/I_NO_D.U_ILA/U_TRIG/U_TM/G_NMU[0].U_M/U_MU/I_MUT_GANDX.U_match/I_CS_GANDX.U_CS_GANDX_SRL/I_S6.U_CS_GANDX_SRL_S6/U_CS_GAND_SRL_S6/I_USE_RPM_EQ0.U_GAND_SRL_SET/I_WHOLE_SLICE.G_SLICE_IDX[17].U_GAND_SRL_SLICE_NO_RPM/U_MUXC (U0/I_NO_D.U_ILA/U_TRIG/U_TM/G_NMU[0].U_M/U_MU/I_MUT_GANDX.U_match/I_CS_GANDX.U_CS_GANDX_SRL/I_S6.U_CS_GANDX_SRL_S6/U_CS_GAND_SRL_S6/I_USE_RPM_EQ0.U_GAND_SRL_SET/I_WHOLE_SLICE.G_SLICE_IDX[17].U_GAND_SRL_SLICE_NO_RPM/muxcy_lo<2>)
     MUXCY_L:CI->LO        1   0.023   0.000  U0/I_NO_D.U_ILA/U_TRIG/U_TM/G_NMU[0].U_M/U_MU/I_MUT_GANDX.U_match/I_CS_GANDX.U_CS_GANDX_SRL/I_S6.U_CS_GANDX_SRL_S6/U_CS_GAND_SRL_S6/I_USE_RPM_EQ0.U_GAND_SRL_SET/I_WHOLE_SLICE.G_SLICE_IDX[17].U_GAND_SRL_SLICE_NO_RPM/U_MUXD (U0/I_NO_D.U_ILA/U_TRIG/U_TM/G_NMU[0].U_M/U_MU/I_MUT_GANDX.U_match/I_CS_GANDX.U_CS_GANDX_SRL/I_S6.U_CS_GANDX_SRL_S6/U_CS_GAND_SRL_S6/I_USE_RPM_EQ0.U_GAND_SRL_SET/gand_carry<18>)
     MUXCY_L:CI->LO        1   0.023   0.000  U0/I_NO_D.U_ILA/U_TRIG/U_TM/G_NMU[0].U_M/U_MU/I_MUT_GANDX.U_match/I_CS_GANDX.U_CS_GANDX_SRL/I_S6.U_CS_GANDX_SRL_S6/U_CS_GAND_SRL_S6/I_USE_RPM_EQ0.U_GAND_SRL_SET/I_WHOLE_SLICE.G_SLICE_IDX[18].U_GAND_SRL_SLICE_NO_RPM/U_MUXA (U0/I_NO_D.U_ILA/U_TRIG/U_TM/G_NMU[0].U_M/U_MU/I_MUT_GANDX.U_match/I_CS_GANDX.U_CS_GANDX_SRL/I_S6.U_CS_GANDX_SRL_S6/U_CS_GAND_SRL_S6/I_USE_RPM_EQ0.U_GAND_SRL_SET/I_WHOLE_SLICE.G_SLICE_IDX[18].U_GAND_SRL_SLICE_NO_RPM/muxcy_lo<0>)
     MUXCY_L:CI->LO        1   0.023   0.000  U0/I_NO_D.U_ILA/U_TRIG/U_TM/G_NMU[0].U_M/U_MU/I_MUT_GANDX.U_match/I_CS_GANDX.U_CS_GANDX_SRL/I_S6.U_CS_GANDX_SRL_S6/U_CS_GAND_SRL_S6/I_USE_RPM_EQ0.U_GAND_SRL_SET/I_WHOLE_SLICE.G_SLICE_IDX[18].U_GAND_SRL_SLICE_NO_RPM/U_MUXB (U0/I_NO_D.U_ILA/U_TRIG/U_TM/G_NMU[0].U_M/U_MU/I_MUT_GANDX.U_match/I_CS_GANDX.U_CS_GANDX_SRL/I_S6.U_CS_GANDX_SRL_S6/U_CS_GAND_SRL_S6/I_USE_RPM_EQ0.U_GAND_SRL_SET/I_WHOLE_SLICE.G_SLICE_IDX[18].U_GAND_SRL_SLICE_NO_RPM/muxcy_lo<1>)
     MUXCY_L:CI->LO        1   0.023   0.000  U0/I_NO_D.U_ILA/U_TRIG/U_TM/G_NMU[0].U_M/U_MU/I_MUT_GANDX.U_match/I_CS_GANDX.U_CS_GANDX_SRL/I_S6.U_CS_GANDX_SRL_S6/U_CS_GAND_SRL_S6/I_USE_RPM_EQ0.U_GAND_SRL_SET/I_WHOLE_SLICE.G_SLICE_IDX[18].U_GAND_SRL_SLICE_NO_RPM/U_MUXC (U0/I_NO_D.U_ILA/U_TRIG/U_TM/G_NMU[0].U_M/U_MU/I_MUT_GANDX.U_match/I_CS_GANDX.U_CS_GANDX_SRL/I_S6.U_CS_GANDX_SRL_S6/U_CS_GAND_SRL_S6/I_USE_RPM_EQ0.U_GAND_SRL_SET/I_WHOLE_SLICE.G_SLICE_IDX[18].U_GAND_SRL_SLICE_NO_RPM/muxcy_lo<2>)
     MUXCY_L:CI->LO        1   0.023   0.000  U0/I_NO_D.U_ILA/U_TRIG/U_TM/G_NMU[0].U_M/U_MU/I_MUT_GANDX.U_match/I_CS_GANDX.U_CS_GANDX_SRL/I_S6.U_CS_GANDX_SRL_S6/U_CS_GAND_SRL_S6/I_USE_RPM_EQ0.U_GAND_SRL_SET/I_WHOLE_SLICE.G_SLICE_IDX[18].U_GAND_SRL_SLICE_NO_RPM/U_MUXD (U0/I_NO_D.U_ILA/U_TRIG/U_TM/G_NMU[0].U_M/U_MU/I_MUT_GANDX.U_match/I_CS_GANDX.U_CS_GANDX_SRL/I_S6.U_CS_GANDX_SRL_S6/U_CS_GAND_SRL_S6/I_USE_RPM_EQ0.U_GAND_SRL_SET/gand_carry<19>)
     MUXCY_L:CI->LO        1   0.023   0.000  U0/I_NO_D.U_ILA/U_TRIG/U_TM/G_NMU[0].U_M/U_MU/I_MUT_GANDX.U_match/I_CS_GANDX.U_CS_GANDX_SRL/I_S6.U_CS_GANDX_SRL_S6/U_CS_GAND_SRL_S6/I_USE_RPM_EQ0.U_GAND_SRL_SET/I_WHOLE_SLICE.G_SLICE_IDX[19].U_GAND_SRL_SLICE_NO_RPM/U_MUXA (U0/I_NO_D.U_ILA/U_TRIG/U_TM/G_NMU[0].U_M/U_MU/I_MUT_GANDX.U_match/I_CS_GANDX.U_CS_GANDX_SRL/I_S6.U_CS_GANDX_SRL_S6/U_CS_GAND_SRL_S6/I_USE_RPM_EQ0.U_GAND_SRL_SET/I_WHOLE_SLICE.G_SLICE_IDX[19].U_GAND_SRL_SLICE_NO_RPM/muxcy_lo<0>)
     MUXCY_L:CI->LO        1   0.023   0.000  U0/I_NO_D.U_ILA/U_TRIG/U_TM/G_NMU[0].U_M/U_MU/I_MUT_GANDX.U_match/I_CS_GANDX.U_CS_GANDX_SRL/I_S6.U_CS_GANDX_SRL_S6/U_CS_GAND_SRL_S6/I_USE_RPM_EQ0.U_GAND_SRL_SET/I_WHOLE_SLICE.G_SLICE_IDX[19].U_GAND_SRL_SLICE_NO_RPM/U_MUXB (U0/I_NO_D.U_ILA/U_TRIG/U_TM/G_NMU[0].U_M/U_MU/I_MUT_GANDX.U_match/I_CS_GANDX.U_CS_GANDX_SRL/I_S6.U_CS_GANDX_SRL_S6/U_CS_GAND_SRL_S6/I_USE_RPM_EQ0.U_GAND_SRL_SET/I_WHOLE_SLICE.G_SLICE_IDX[19].U_GAND_SRL_SLICE_NO_RPM/muxcy_lo<1>)
     MUXCY_L:CI->LO        1   0.023   0.000  U0/I_NO_D.U_ILA/U_TRIG/U_TM/G_NMU[0].U_M/U_MU/I_MUT_GANDX.U_match/I_CS_GANDX.U_CS_GANDX_SRL/I_S6.U_CS_GANDX_SRL_S6/U_CS_GAND_SRL_S6/I_USE_RPM_EQ0.U_GAND_SRL_SET/I_WHOLE_SLICE.G_SLICE_IDX[19].U_GAND_SRL_SLICE_NO_RPM/U_MUXC (U0/I_NO_D.U_ILA/U_TRIG/U_TM/G_NMU[0].U_M/U_MU/I_MUT_GANDX.U_match/I_CS_GANDX.U_CS_GANDX_SRL/I_S6.U_CS_GANDX_SRL_S6/U_CS_GAND_SRL_S6/I_USE_RPM_EQ0.U_GAND_SRL_SET/I_WHOLE_SLICE.G_SLICE_IDX[19].U_GAND_SRL_SLICE_NO_RPM/muxcy_lo<2>)
     MUXCY_L:CI->LO        1   0.023   0.000  U0/I_NO_D.U_ILA/U_TRIG/U_TM/G_NMU[0].U_M/U_MU/I_MUT_GANDX.U_match/I_CS_GANDX.U_CS_GANDX_SRL/I_S6.U_CS_GANDX_SRL_S6/U_CS_GAND_SRL_S6/I_USE_RPM_EQ0.U_GAND_SRL_SET/I_WHOLE_SLICE.G_SLICE_IDX[19].U_GAND_SRL_SLICE_NO_RPM/U_MUXD (U0/I_NO_D.U_ILA/U_TRIG/U_TM/G_NMU[0].U_M/U_MU/I_MUT_GANDX.U_match/I_CS_GANDX.U_CS_GANDX_SRL/I_S6.U_CS_GANDX_SRL_S6/U_CS_GAND_SRL_S6/I_USE_RPM_EQ0.U_GAND_SRL_SET/gand_carry<20>)
     MUXCY_L:CI->LO        1   0.023   0.000  U0/I_NO_D.U_ILA/U_TRIG/U_TM/G_NMU[0].U_M/U_MU/I_MUT_GANDX.U_match/I_CS_GANDX.U_CS_GANDX_SRL/I_S6.U_CS_GANDX_SRL_S6/U_CS_GAND_SRL_S6/I_USE_RPM_EQ0.U_GAND_SRL_SET/I_WHOLE_SLICE.G_SLICE_IDX[20].U_GAND_SRL_SLICE_NO_RPM/U_MUXA (U0/I_NO_D.U_ILA/U_TRIG/U_TM/G_NMU[0].U_M/U_MU/I_MUT_GANDX.U_match/I_CS_GANDX.U_CS_GANDX_SRL/I_S6.U_CS_GANDX_SRL_S6/U_CS_GAND_SRL_S6/I_USE_RPM_EQ0.U_GAND_SRL_SET/I_WHOLE_SLICE.G_SLICE_IDX[20].U_GAND_SRL_SLICE_NO_RPM/muxcy_lo<0>)
     MUXCY_L:CI->LO        1   0.023   0.000  U0/I_NO_D.U_ILA/U_TRIG/U_TM/G_NMU[0].U_M/U_MU/I_MUT_GANDX.U_match/I_CS_GANDX.U_CS_GANDX_SRL/I_S6.U_CS_GANDX_SRL_S6/U_CS_GAND_SRL_S6/I_USE_RPM_EQ0.U_GAND_SRL_SET/I_WHOLE_SLICE.G_SLICE_IDX[20].U_GAND_SRL_SLICE_NO_RPM/U_MUXB (U0/I_NO_D.U_ILA/U_TRIG/U_TM/G_NMU[0].U_M/U_MU/I_MUT_GANDX.U_match/I_CS_GANDX.U_CS_GANDX_SRL/I_S6.U_CS_GANDX_SRL_S6/U_CS_GAND_SRL_S6/I_USE_RPM_EQ0.U_GAND_SRL_SET/I_WHOLE_SLICE.G_SLICE_IDX[20].U_GAND_SRL_SLICE_NO_RPM/muxcy_lo<1>)
     MUXCY_L:CI->LO        1   0.023   0.000  U0/I_NO_D.U_ILA/U_TRIG/U_TM/G_NMU[0].U_M/U_MU/I_MUT_GANDX.U_match/I_CS_GANDX.U_CS_GANDX_SRL/I_S6.U_CS_GANDX_SRL_S6/U_CS_GAND_SRL_S6/I_USE_RPM_EQ0.U_GAND_SRL_SET/I_WHOLE_SLICE.G_SLICE_IDX[20].U_GAND_SRL_SLICE_NO_RPM/U_MUXC (U0/I_NO_D.U_ILA/U_TRIG/U_TM/G_NMU[0].U_M/U_MU/I_MUT_GANDX.U_match/I_CS_GANDX.U_CS_GANDX_SRL/I_S6.U_CS_GANDX_SRL_S6/U_CS_GAND_SRL_S6/I_USE_RPM_EQ0.U_GAND_SRL_SET/I_WHOLE_SLICE.G_SLICE_IDX[20].U_GAND_SRL_SLICE_NO_RPM/muxcy_lo<2>)
     MUXCY_L:CI->LO        1   0.023   0.000  U0/I_NO_D.U_ILA/U_TRIG/U_TM/G_NMU[0].U_M/U_MU/I_MUT_GANDX.U_match/I_CS_GANDX.U_CS_GANDX_SRL/I_S6.U_CS_GANDX_SRL_S6/U_CS_GAND_SRL_S6/I_USE_RPM_EQ0.U_GAND_SRL_SET/I_WHOLE_SLICE.G_SLICE_IDX[20].U_GAND_SRL_SLICE_NO_RPM/U_MUXD (U0/I_NO_D.U_ILA/U_TRIG/U_TM/G_NMU[0].U_M/U_MU/I_MUT_GANDX.U_match/I_CS_GANDX.U_CS_GANDX_SRL/I_S6.U_CS_GANDX_SRL_S6/U_CS_GAND_SRL_S6/I_USE_RPM_EQ0.U_GAND_SRL_SET/gand_carry<21>)
     MUXCY_L:CI->LO        1   0.023   0.000  U0/I_NO_D.U_ILA/U_TRIG/U_TM/G_NMU[0].U_M/U_MU/I_MUT_GANDX.U_match/I_CS_GANDX.U_CS_GANDX_SRL/I_S6.U_CS_GANDX_SRL_S6/U_CS_GAND_SRL_S6/I_USE_RPM_EQ0.U_GAND_SRL_SET/I_WHOLE_SLICE.G_SLICE_IDX[21].U_GAND_SRL_SLICE_NO_RPM/U_MUXA (U0/I_NO_D.U_ILA/U_TRIG/U_TM/G_NMU[0].U_M/U_MU/I_MUT_GANDX.U_match/I_CS_GANDX.U_CS_GANDX_SRL/I_S6.U_CS_GANDX_SRL_S6/U_CS_GAND_SRL_S6/I_USE_RPM_EQ0.U_GAND_SRL_SET/I_WHOLE_SLICE.G_SLICE_IDX[21].U_GAND_SRL_SLICE_NO_RPM/muxcy_lo<0>)
     MUXCY_L:CI->LO        1   0.023   0.000  U0/I_NO_D.U_ILA/U_TRIG/U_TM/G_NMU[0].U_M/U_MU/I_MUT_GANDX.U_match/I_CS_GANDX.U_CS_GANDX_SRL/I_S6.U_CS_GANDX_SRL_S6/U_CS_GAND_SRL_S6/I_USE_RPM_EQ0.U_GAND_SRL_SET/I_WHOLE_SLICE.G_SLICE_IDX[21].U_GAND_SRL_SLICE_NO_RPM/U_MUXB (U0/I_NO_D.U_ILA/U_TRIG/U_TM/G_NMU[0].U_M/U_MU/I_MUT_GANDX.U_match/I_CS_GANDX.U_CS_GANDX_SRL/I_S6.U_CS_GANDX_SRL_S6/U_CS_GAND_SRL_S6/I_USE_RPM_EQ0.U_GAND_SRL_SET/I_WHOLE_SLICE.G_SLICE_IDX[21].U_GAND_SRL_SLICE_NO_RPM/muxcy_lo<1>)
     MUXCY_L:CI->LO        1   0.023   0.000  U0/I_NO_D.U_ILA/U_TRIG/U_TM/G_NMU[0].U_M/U_MU/I_MUT_GANDX.U_match/I_CS_GANDX.U_CS_GANDX_SRL/I_S6.U_CS_GANDX_SRL_S6/U_CS_GAND_SRL_S6/I_USE_RPM_EQ0.U_GAND_SRL_SET/I_WHOLE_SLICE.G_SLICE_IDX[21].U_GAND_SRL_SLICE_NO_RPM/U_MUXC (U0/I_NO_D.U_ILA/U_TRIG/U_TM/G_NMU[0].U_M/U_MU/I_MUT_GANDX.U_match/I_CS_GANDX.U_CS_GANDX_SRL/I_S6.U_CS_GANDX_SRL_S6/U_CS_GAND_SRL_S6/I_USE_RPM_EQ0.U_GAND_SRL_SET/I_WHOLE_SLICE.G_SLICE_IDX[21].U_GAND_SRL_SLICE_NO_RPM/muxcy_lo<2>)
     MUXCY_L:CI->LO        1   0.023   0.000  U0/I_NO_D.U_ILA/U_TRIG/U_TM/G_NMU[0].U_M/U_MU/I_MUT_GANDX.U_match/I_CS_GANDX.U_CS_GANDX_SRL/I_S6.U_CS_GANDX_SRL_S6/U_CS_GAND_SRL_S6/I_USE_RPM_EQ0.U_GAND_SRL_SET/I_WHOLE_SLICE.G_SLICE_IDX[21].U_GAND_SRL_SLICE_NO_RPM/U_MUXD (U0/I_NO_D.U_ILA/U_TRIG/U_TM/G_NMU[0].U_M/U_MU/I_MUT_GANDX.U_match/I_CS_GANDX.U_CS_GANDX_SRL/I_S6.U_CS_GANDX_SRL_S6/U_CS_GAND_SRL_S6/I_USE_RPM_EQ0.U_GAND_SRL_SET/gand_carry<22>)
     MUXCY_L:CI->LO        1   0.023   0.000  U0/I_NO_D.U_ILA/U_TRIG/U_TM/G_NMU[0].U_M/U_MU/I_MUT_GANDX.U_match/I_CS_GANDX.U_CS_GANDX_SRL/I_S6.U_CS_GANDX_SRL_S6/U_CS_GAND_SRL_S6/I_USE_RPM_EQ0.U_GAND_SRL_SET/I_WHOLE_SLICE.G_SLICE_IDX[22].U_GAND_SRL_SLICE_NO_RPM/U_MUXA (U0/I_NO_D.U_ILA/U_TRIG/U_TM/G_NMU[0].U_M/U_MU/I_MUT_GANDX.U_match/I_CS_GANDX.U_CS_GANDX_SRL/I_S6.U_CS_GANDX_SRL_S6/U_CS_GAND_SRL_S6/I_USE_RPM_EQ0.U_GAND_SRL_SET/I_WHOLE_SLICE.G_SLICE_IDX[22].U_GAND_SRL_SLICE_NO_RPM/muxcy_lo<0>)
     MUXCY_L:CI->LO        1   0.023   0.000  U0/I_NO_D.U_ILA/U_TRIG/U_TM/G_NMU[0].U_M/U_MU/I_MUT_GANDX.U_match/I_CS_GANDX.U_CS_GANDX_SRL/I_S6.U_CS_GANDX_SRL_S6/U_CS_GAND_SRL_S6/I_USE_RPM_EQ0.U_GAND_SRL_SET/I_WHOLE_SLICE.G_SLICE_IDX[22].U_GAND_SRL_SLICE_NO_RPM/U_MUXB (U0/I_NO_D.U_ILA/U_TRIG/U_TM/G_NMU[0].U_M/U_MU/I_MUT_GANDX.U_match/I_CS_GANDX.U_CS_GANDX_SRL/I_S6.U_CS_GANDX_SRL_S6/U_CS_GAND_SRL_S6/I_USE_RPM_EQ0.U_GAND_SRL_SET/I_WHOLE_SLICE.G_SLICE_IDX[22].U_GAND_SRL_SLICE_NO_RPM/muxcy_lo<1>)
     MUXCY_L:CI->LO        1   0.023   0.000  U0/I_NO_D.U_ILA/U_TRIG/U_TM/G_NMU[0].U_M/U_MU/I_MUT_GANDX.U_match/I_CS_GANDX.U_CS_GANDX_SRL/I_S6.U_CS_GANDX_SRL_S6/U_CS_GAND_SRL_S6/I_USE_RPM_EQ0.U_GAND_SRL_SET/I_WHOLE_SLICE.G_SLICE_IDX[22].U_GAND_SRL_SLICE_NO_RPM/U_MUXC (U0/I_NO_D.U_ILA/U_TRIG/U_TM/G_NMU[0].U_M/U_MU/I_MUT_GANDX.U_match/I_CS_GANDX.U_CS_GANDX_SRL/I_S6.U_CS_GANDX_SRL_S6/U_CS_GAND_SRL_S6/I_USE_RPM_EQ0.U_GAND_SRL_SET/I_WHOLE_SLICE.G_SLICE_IDX[22].U_GAND_SRL_SLICE_NO_RPM/muxcy_lo<2>)
     MUXCY_L:CI->LO        1   0.023   0.000  U0/I_NO_D.U_ILA/U_TRIG/U_TM/G_NMU[0].U_M/U_MU/I_MUT_GANDX.U_match/I_CS_GANDX.U_CS_GANDX_SRL/I_S6.U_CS_GANDX_SRL_S6/U_CS_GAND_SRL_S6/I_USE_RPM_EQ0.U_GAND_SRL_SET/I_WHOLE_SLICE.G_SLICE_IDX[22].U_GAND_SRL_SLICE_NO_RPM/U_MUXD (U0/I_NO_D.U_ILA/U_TRIG/U_TM/G_NMU[0].U_M/U_MU/I_MUT_GANDX.U_match/I_CS_GANDX.U_CS_GANDX_SRL/I_S6.U_CS_GANDX_SRL_S6/U_CS_GAND_SRL_S6/I_USE_RPM_EQ0.U_GAND_SRL_SET/gand_carry<23>)
     MUXCY_L:CI->LO        1   0.023   0.000  U0/I_NO_D.U_ILA/U_TRIG/U_TM/G_NMU[0].U_M/U_MU/I_MUT_GANDX.U_match/I_CS_GANDX.U_CS_GANDX_SRL/I_S6.U_CS_GANDX_SRL_S6/U_CS_GAND_SRL_S6/I_USE_RPM_EQ0.U_GAND_SRL_SET/I_WHOLE_SLICE.G_SLICE_IDX[23].U_GAND_SRL_SLICE_NO_RPM/U_MUXA (U0/I_NO_D.U_ILA/U_TRIG/U_TM/G_NMU[0].U_M/U_MU/I_MUT_GANDX.U_match/I_CS_GANDX.U_CS_GANDX_SRL/I_S6.U_CS_GANDX_SRL_S6/U_CS_GAND_SRL_S6/I_USE_RPM_EQ0.U_GAND_SRL_SET/I_WHOLE_SLICE.G_SLICE_IDX[23].U_GAND_SRL_SLICE_NO_RPM/muxcy_lo<0>)
     MUXCY_L:CI->LO        1   0.023   0.000  U0/I_NO_D.U_ILA/U_TRIG/U_TM/G_NMU[0].U_M/U_MU/I_MUT_GANDX.U_match/I_CS_GANDX.U_CS_GANDX_SRL/I_S6.U_CS_GANDX_SRL_S6/U_CS_GAND_SRL_S6/I_USE_RPM_EQ0.U_GAND_SRL_SET/I_WHOLE_SLICE.G_SLICE_IDX[23].U_GAND_SRL_SLICE_NO_RPM/U_MUXB (U0/I_NO_D.U_ILA/U_TRIG/U_TM/G_NMU[0].U_M/U_MU/I_MUT_GANDX.U_match/I_CS_GANDX.U_CS_GANDX_SRL/I_S6.U_CS_GANDX_SRL_S6/U_CS_GAND_SRL_S6/I_USE_RPM_EQ0.U_GAND_SRL_SET/I_WHOLE_SLICE.G_SLICE_IDX[23].U_GAND_SRL_SLICE_NO_RPM/muxcy_lo<1>)
     MUXCY_L:CI->LO        1   0.023   0.000  U0/I_NO_D.U_ILA/U_TRIG/U_TM/G_NMU[0].U_M/U_MU/I_MUT_GANDX.U_match/I_CS_GANDX.U_CS_GANDX_SRL/I_S6.U_CS_GANDX_SRL_S6/U_CS_GAND_SRL_S6/I_USE_RPM_EQ0.U_GAND_SRL_SET/I_WHOLE_SLICE.G_SLICE_IDX[23].U_GAND_SRL_SLICE_NO_RPM/U_MUXC (U0/I_NO_D.U_ILA/U_TRIG/U_TM/G_NMU[0].U_M/U_MU/I_MUT_GANDX.U_match/I_CS_GANDX.U_CS_GANDX_SRL/I_S6.U_CS_GANDX_SRL_S6/U_CS_GAND_SRL_S6/I_USE_RPM_EQ0.U_GAND_SRL_SET/I_WHOLE_SLICE.G_SLICE_IDX[23].U_GAND_SRL_SLICE_NO_RPM/muxcy_lo<2>)
     MUXCY_L:CI->LO        1   0.023   0.000  U0/I_NO_D.U_ILA/U_TRIG/U_TM/G_NMU[0].U_M/U_MU/I_MUT_GANDX.U_match/I_CS_GANDX.U_CS_GANDX_SRL/I_S6.U_CS_GANDX_SRL_S6/U_CS_GAND_SRL_S6/I_USE_RPM_EQ0.U_GAND_SRL_SET/I_WHOLE_SLICE.G_SLICE_IDX[23].U_GAND_SRL_SLICE_NO_RPM/U_MUXD (U0/I_NO_D.U_ILA/U_TRIG/U_TM/G_NMU[0].U_M/U_MU/I_MUT_GANDX.U_match/I_CS_GANDX.U_CS_GANDX_SRL/I_S6.U_CS_GANDX_SRL_S6/U_CS_GAND_SRL_S6/I_USE_RPM_EQ0.U_GAND_SRL_SET/gand_carry<24>)
     MUXCY_L:CI->LO        1   0.023   0.000  U0/I_NO_D.U_ILA/U_TRIG/U_TM/G_NMU[0].U_M/U_MU/I_MUT_GANDX.U_match/I_CS_GANDX.U_CS_GANDX_SRL/I_S6.U_CS_GANDX_SRL_S6/U_CS_GAND_SRL_S6/I_USE_RPM_EQ0.U_GAND_SRL_SET/I_WHOLE_SLICE.G_SLICE_IDX[24].U_GAND_SRL_SLICE_NO_RPM/U_MUXA (U0/I_NO_D.U_ILA/U_TRIG/U_TM/G_NMU[0].U_M/U_MU/I_MUT_GANDX.U_match/I_CS_GANDX.U_CS_GANDX_SRL/I_S6.U_CS_GANDX_SRL_S6/U_CS_GAND_SRL_S6/I_USE_RPM_EQ0.U_GAND_SRL_SET/I_WHOLE_SLICE.G_SLICE_IDX[24].U_GAND_SRL_SLICE_NO_RPM/muxcy_lo<0>)
     MUXCY_L:CI->LO        1   0.023   0.000  U0/I_NO_D.U_ILA/U_TRIG/U_TM/G_NMU[0].U_M/U_MU/I_MUT_GANDX.U_match/I_CS_GANDX.U_CS_GANDX_SRL/I_S6.U_CS_GANDX_SRL_S6/U_CS_GAND_SRL_S6/I_USE_RPM_EQ0.U_GAND_SRL_SET/I_WHOLE_SLICE.G_SLICE_IDX[24].U_GAND_SRL_SLICE_NO_RPM/U_MUXB (U0/I_NO_D.U_ILA/U_TRIG/U_TM/G_NMU[0].U_M/U_MU/I_MUT_GANDX.U_match/I_CS_GANDX.U_CS_GANDX_SRL/I_S6.U_CS_GANDX_SRL_S6/U_CS_GAND_SRL_S6/I_USE_RPM_EQ0.U_GAND_SRL_SET/I_WHOLE_SLICE.G_SLICE_IDX[24].U_GAND_SRL_SLICE_NO_RPM/muxcy_lo<1>)
     MUXCY_L:CI->LO        1   0.023   0.000  U0/I_NO_D.U_ILA/U_TRIG/U_TM/G_NMU[0].U_M/U_MU/I_MUT_GANDX.U_match/I_CS_GANDX.U_CS_GANDX_SRL/I_S6.U_CS_GANDX_SRL_S6/U_CS_GAND_SRL_S6/I_USE_RPM_EQ0.U_GAND_SRL_SET/I_WHOLE_SLICE.G_SLICE_IDX[24].U_GAND_SRL_SLICE_NO_RPM/U_MUXC (U0/I_NO_D.U_ILA/U_TRIG/U_TM/G_NMU[0].U_M/U_MU/I_MUT_GANDX.U_match/I_CS_GANDX.U_CS_GANDX_SRL/I_S6.U_CS_GANDX_SRL_S6/U_CS_GAND_SRL_S6/I_USE_RPM_EQ0.U_GAND_SRL_SET/I_WHOLE_SLICE.G_SLICE_IDX[24].U_GAND_SRL_SLICE_NO_RPM/muxcy_lo<2>)
     MUXCY_L:CI->LO        1   0.023   0.000  U0/I_NO_D.U_ILA/U_TRIG/U_TM/G_NMU[0].U_M/U_MU/I_MUT_GANDX.U_match/I_CS_GANDX.U_CS_GANDX_SRL/I_S6.U_CS_GANDX_SRL_S6/U_CS_GAND_SRL_S6/I_USE_RPM_EQ0.U_GAND_SRL_SET/I_WHOLE_SLICE.G_SLICE_IDX[24].U_GAND_SRL_SLICE_NO_RPM/U_MUXD (U0/I_NO_D.U_ILA/U_TRIG/U_TM/G_NMU[0].U_M/U_MU/I_MUT_GANDX.U_match/I_CS_GANDX.U_CS_GANDX_SRL/I_S6.U_CS_GANDX_SRL_S6/U_CS_GAND_SRL_S6/I_USE_RPM_EQ0.U_GAND_SRL_SET/gand_carry<25>)
     MUXCY_L:CI->LO        1   0.023   0.000  U0/I_NO_D.U_ILA/U_TRIG/U_TM/G_NMU[0].U_M/U_MU/I_MUT_GANDX.U_match/I_CS_GANDX.U_CS_GANDX_SRL/I_S6.U_CS_GANDX_SRL_S6/U_CS_GAND_SRL_S6/I_USE_RPM_EQ0.U_GAND_SRL_SET/I_WHOLE_SLICE.G_SLICE_IDX[25].U_GAND_SRL_SLICE_NO_RPM/U_MUXA (U0/I_NO_D.U_ILA/U_TRIG/U_TM/G_NMU[0].U_M/U_MU/I_MUT_GANDX.U_match/I_CS_GANDX.U_CS_GANDX_SRL/I_S6.U_CS_GANDX_SRL_S6/U_CS_GAND_SRL_S6/I_USE_RPM_EQ0.U_GAND_SRL_SET/I_WHOLE_SLICE.G_SLICE_IDX[25].U_GAND_SRL_SLICE_NO_RPM/muxcy_lo<0>)
     MUXCY_L:CI->LO        1   0.023   0.000  U0/I_NO_D.U_ILA/U_TRIG/U_TM/G_NMU[0].U_M/U_MU/I_MUT_GANDX.U_match/I_CS_GANDX.U_CS_GANDX_SRL/I_S6.U_CS_GANDX_SRL_S6/U_CS_GAND_SRL_S6/I_USE_RPM_EQ0.U_GAND_SRL_SET/I_WHOLE_SLICE.G_SLICE_IDX[25].U_GAND_SRL_SLICE_NO_RPM/U_MUXB (U0/I_NO_D.U_ILA/U_TRIG/U_TM/G_NMU[0].U_M/U_MU/I_MUT_GANDX.U_match/I_CS_GANDX.U_CS_GANDX_SRL/I_S6.U_CS_GANDX_SRL_S6/U_CS_GAND_SRL_S6/I_USE_RPM_EQ0.U_GAND_SRL_SET/I_WHOLE_SLICE.G_SLICE_IDX[25].U_GAND_SRL_SLICE_NO_RPM/muxcy_lo<1>)
     MUXCY_L:CI->LO        1   0.023   0.000  U0/I_NO_D.U_ILA/U_TRIG/U_TM/G_NMU[0].U_M/U_MU/I_MUT_GANDX.U_match/I_CS_GANDX.U_CS_GANDX_SRL/I_S6.U_CS_GANDX_SRL_S6/U_CS_GAND_SRL_S6/I_USE_RPM_EQ0.U_GAND_SRL_SET/I_WHOLE_SLICE.G_SLICE_IDX[25].U_GAND_SRL_SLICE_NO_RPM/U_MUXC (U0/I_NO_D.U_ILA/U_TRIG/U_TM/G_NMU[0].U_M/U_MU/I_MUT_GANDX.U_match/I_CS_GANDX.U_CS_GANDX_SRL/I_S6.U_CS_GANDX_SRL_S6/U_CS_GAND_SRL_S6/I_USE_RPM_EQ0.U_GAND_SRL_SET/I_WHOLE_SLICE.G_SLICE_IDX[25].U_GAND_SRL_SLICE_NO_RPM/muxcy_lo<2>)
     MUXCY_L:CI->LO        1   0.023   0.000  U0/I_NO_D.U_ILA/U_TRIG/U_TM/G_NMU[0].U_M/U_MU/I_MUT_GANDX.U_match/I_CS_GANDX.U_CS_GANDX_SRL/I_S6.U_CS_GANDX_SRL_S6/U_CS_GAND_SRL_S6/I_USE_RPM_EQ0.U_GAND_SRL_SET/I_WHOLE_SLICE.G_SLICE_IDX[25].U_GAND_SRL_SLICE_NO_RPM/U_MUXD (U0/I_NO_D.U_ILA/U_TRIG/U_TM/G_NMU[0].U_M/U_MU/I_MUT_GANDX.U_match/I_CS_GANDX.U_CS_GANDX_SRL/I_S6.U_CS_GANDX_SRL_S6/U_CS_GAND_SRL_S6/I_USE_RPM_EQ0.U_GAND_SRL_SET/gand_carry<26>)
     MUXCY_L:CI->LO        1   0.023   0.000  U0/I_NO_D.U_ILA/U_TRIG/U_TM/G_NMU[0].U_M/U_MU/I_MUT_GANDX.U_match/I_CS_GANDX.U_CS_GANDX_SRL/I_S6.U_CS_GANDX_SRL_S6/U_CS_GAND_SRL_S6/I_USE_RPM_EQ0.U_GAND_SRL_SET/I_WHOLE_SLICE.G_SLICE_IDX[26].U_GAND_SRL_SLICE_NO_RPM/U_MUXA (U0/I_NO_D.U_ILA/U_TRIG/U_TM/G_NMU[0].U_M/U_MU/I_MUT_GANDX.U_match/I_CS_GANDX.U_CS_GANDX_SRL/I_S6.U_CS_GANDX_SRL_S6/U_CS_GAND_SRL_S6/I_USE_RPM_EQ0.U_GAND_SRL_SET/I_WHOLE_SLICE.G_SLICE_IDX[26].U_GAND_SRL_SLICE_NO_RPM/muxcy_lo<0>)
     MUXCY_L:CI->LO        1   0.023   0.000  U0/I_NO_D.U_ILA/U_TRIG/U_TM/G_NMU[0].U_M/U_MU/I_MUT_GANDX.U_match/I_CS_GANDX.U_CS_GANDX_SRL/I_S6.U_CS_GANDX_SRL_S6/U_CS_GAND_SRL_S6/I_USE_RPM_EQ0.U_GAND_SRL_SET/I_WHOLE_SLICE.G_SLICE_IDX[26].U_GAND_SRL_SLICE_NO_RPM/U_MUXB (U0/I_NO_D.U_ILA/U_TRIG/U_TM/G_NMU[0].U_M/U_MU/I_MUT_GANDX.U_match/I_CS_GANDX.U_CS_GANDX_SRL/I_S6.U_CS_GANDX_SRL_S6/U_CS_GAND_SRL_S6/I_USE_RPM_EQ0.U_GAND_SRL_SET/I_WHOLE_SLICE.G_SLICE_IDX[26].U_GAND_SRL_SLICE_NO_RPM/muxcy_lo<1>)
     MUXCY_L:CI->LO        1   0.023   0.000  U0/I_NO_D.U_ILA/U_TRIG/U_TM/G_NMU[0].U_M/U_MU/I_MUT_GANDX.U_match/I_CS_GANDX.U_CS_GANDX_SRL/I_S6.U_CS_GANDX_SRL_S6/U_CS_GAND_SRL_S6/I_USE_RPM_EQ0.U_GAND_SRL_SET/I_WHOLE_SLICE.G_SLICE_IDX[26].U_GAND_SRL_SLICE_NO_RPM/U_MUXC (U0/I_NO_D.U_ILA/U_TRIG/U_TM/G_NMU[0].U_M/U_MU/I_MUT_GANDX.U_match/I_CS_GANDX.U_CS_GANDX_SRL/I_S6.U_CS_GANDX_SRL_S6/U_CS_GAND_SRL_S6/I_USE_RPM_EQ0.U_GAND_SRL_SET/I_WHOLE_SLICE.G_SLICE_IDX[26].U_GAND_SRL_SLICE_NO_RPM/muxcy_lo<2>)
     MUXCY_L:CI->LO        1   0.023   0.000  U0/I_NO_D.U_ILA/U_TRIG/U_TM/G_NMU[0].U_M/U_MU/I_MUT_GANDX.U_match/I_CS_GANDX.U_CS_GANDX_SRL/I_S6.U_CS_GANDX_SRL_S6/U_CS_GAND_SRL_S6/I_USE_RPM_EQ0.U_GAND_SRL_SET/I_WHOLE_SLICE.G_SLICE_IDX[26].U_GAND_SRL_SLICE_NO_RPM/U_MUXD (U0/I_NO_D.U_ILA/U_TRIG/U_TM/G_NMU[0].U_M/U_MU/I_MUT_GANDX.U_match/I_CS_GANDX.U_CS_GANDX_SRL/I_S6.U_CS_GANDX_SRL_S6/U_CS_GAND_SRL_S6/I_USE_RPM_EQ0.U_GAND_SRL_SET/gand_carry<27>)
     MUXCY_L:CI->LO        1   0.023   0.000  U0/I_NO_D.U_ILA/U_TRIG/U_TM/G_NMU[0].U_M/U_MU/I_MUT_GANDX.U_match/I_CS_GANDX.U_CS_GANDX_SRL/I_S6.U_CS_GANDX_SRL_S6/U_CS_GAND_SRL_S6/I_USE_RPM_EQ0.U_GAND_SRL_SET/I_WHOLE_SLICE.G_SLICE_IDX[27].U_GAND_SRL_SLICE_NO_RPM/U_MUXA (U0/I_NO_D.U_ILA/U_TRIG/U_TM/G_NMU[0].U_M/U_MU/I_MUT_GANDX.U_match/I_CS_GANDX.U_CS_GANDX_SRL/I_S6.U_CS_GANDX_SRL_S6/U_CS_GAND_SRL_S6/I_USE_RPM_EQ0.U_GAND_SRL_SET/I_WHOLE_SLICE.G_SLICE_IDX[27].U_GAND_SRL_SLICE_NO_RPM/muxcy_lo<0>)
     MUXCY_L:CI->LO        1   0.023   0.000  U0/I_NO_D.U_ILA/U_TRIG/U_TM/G_NMU[0].U_M/U_MU/I_MUT_GANDX.U_match/I_CS_GANDX.U_CS_GANDX_SRL/I_S6.U_CS_GANDX_SRL_S6/U_CS_GAND_SRL_S6/I_USE_RPM_EQ0.U_GAND_SRL_SET/I_WHOLE_SLICE.G_SLICE_IDX[27].U_GAND_SRL_SLICE_NO_RPM/U_MUXB (U0/I_NO_D.U_ILA/U_TRIG/U_TM/G_NMU[0].U_M/U_MU/I_MUT_GANDX.U_match/I_CS_GANDX.U_CS_GANDX_SRL/I_S6.U_CS_GANDX_SRL_S6/U_CS_GAND_SRL_S6/I_USE_RPM_EQ0.U_GAND_SRL_SET/I_WHOLE_SLICE.G_SLICE_IDX[27].U_GAND_SRL_SLICE_NO_RPM/muxcy_lo<1>)
     MUXCY_L:CI->LO        1   0.023   0.000  U0/I_NO_D.U_ILA/U_TRIG/U_TM/G_NMU[0].U_M/U_MU/I_MUT_GANDX.U_match/I_CS_GANDX.U_CS_GANDX_SRL/I_S6.U_CS_GANDX_SRL_S6/U_CS_GAND_SRL_S6/I_USE_RPM_EQ0.U_GAND_SRL_SET/I_WHOLE_SLICE.G_SLICE_IDX[27].U_GAND_SRL_SLICE_NO_RPM/U_MUXC (U0/I_NO_D.U_ILA/U_TRIG/U_TM/G_NMU[0].U_M/U_MU/I_MUT_GANDX.U_match/I_CS_GANDX.U_CS_GANDX_SRL/I_S6.U_CS_GANDX_SRL_S6/U_CS_GAND_SRL_S6/I_USE_RPM_EQ0.U_GAND_SRL_SET/I_WHOLE_SLICE.G_SLICE_IDX[27].U_GAND_SRL_SLICE_NO_RPM/muxcy_lo<2>)
     MUXCY_L:CI->LO        1   0.023   0.000  U0/I_NO_D.U_ILA/U_TRIG/U_TM/G_NMU[0].U_M/U_MU/I_MUT_GANDX.U_match/I_CS_GANDX.U_CS_GANDX_SRL/I_S6.U_CS_GANDX_SRL_S6/U_CS_GAND_SRL_S6/I_USE_RPM_EQ0.U_GAND_SRL_SET/I_WHOLE_SLICE.G_SLICE_IDX[27].U_GAND_SRL_SLICE_NO_RPM/U_MUXD (U0/I_NO_D.U_ILA/U_TRIG/U_TM/G_NMU[0].U_M/U_MU/I_MUT_GANDX.U_match/I_CS_GANDX.U_CS_GANDX_SRL/I_S6.U_CS_GANDX_SRL_S6/U_CS_GAND_SRL_S6/I_USE_RPM_EQ0.U_GAND_SRL_SET/gand_carry<28>)
     MUXCY_L:CI->LO        1   0.023   0.000  U0/I_NO_D.U_ILA/U_TRIG/U_TM/G_NMU[0].U_M/U_MU/I_MUT_GANDX.U_match/I_CS_GANDX.U_CS_GANDX_SRL/I_S6.U_CS_GANDX_SRL_S6/U_CS_GAND_SRL_S6/I_USE_RPM_EQ0.U_GAND_SRL_SET/I_WHOLE_SLICE.G_SLICE_IDX[28].U_GAND_SRL_SLICE_NO_RPM/U_MUXA (U0/I_NO_D.U_ILA/U_TRIG/U_TM/G_NMU[0].U_M/U_MU/I_MUT_GANDX.U_match/I_CS_GANDX.U_CS_GANDX_SRL/I_S6.U_CS_GANDX_SRL_S6/U_CS_GAND_SRL_S6/I_USE_RPM_EQ0.U_GAND_SRL_SET/I_WHOLE_SLICE.G_SLICE_IDX[28].U_GAND_SRL_SLICE_NO_RPM/muxcy_lo<0>)
     MUXCY_L:CI->LO        1   0.023   0.000  U0/I_NO_D.U_ILA/U_TRIG/U_TM/G_NMU[0].U_M/U_MU/I_MUT_GANDX.U_match/I_CS_GANDX.U_CS_GANDX_SRL/I_S6.U_CS_GANDX_SRL_S6/U_CS_GAND_SRL_S6/I_USE_RPM_EQ0.U_GAND_SRL_SET/I_WHOLE_SLICE.G_SLICE_IDX[28].U_GAND_SRL_SLICE_NO_RPM/U_MUXB (U0/I_NO_D.U_ILA/U_TRIG/U_TM/G_NMU[0].U_M/U_MU/I_MUT_GANDX.U_match/I_CS_GANDX.U_CS_GANDX_SRL/I_S6.U_CS_GANDX_SRL_S6/U_CS_GAND_SRL_S6/I_USE_RPM_EQ0.U_GAND_SRL_SET/I_WHOLE_SLICE.G_SLICE_IDX[28].U_GAND_SRL_SLICE_NO_RPM/muxcy_lo<1>)
     MUXCY_L:CI->LO        1   0.023   0.000  U0/I_NO_D.U_ILA/U_TRIG/U_TM/G_NMU[0].U_M/U_MU/I_MUT_GANDX.U_match/I_CS_GANDX.U_CS_GANDX_SRL/I_S6.U_CS_GANDX_SRL_S6/U_CS_GAND_SRL_S6/I_USE_RPM_EQ0.U_GAND_SRL_SET/I_WHOLE_SLICE.G_SLICE_IDX[28].U_GAND_SRL_SLICE_NO_RPM/U_MUXC (U0/I_NO_D.U_ILA/U_TRIG/U_TM/G_NMU[0].U_M/U_MU/I_MUT_GANDX.U_match/I_CS_GANDX.U_CS_GANDX_SRL/I_S6.U_CS_GANDX_SRL_S6/U_CS_GAND_SRL_S6/I_USE_RPM_EQ0.U_GAND_SRL_SET/I_WHOLE_SLICE.G_SLICE_IDX[28].U_GAND_SRL_SLICE_NO_RPM/muxcy_lo<2>)
     MUXCY_L:CI->LO        1   0.023   0.000  U0/I_NO_D.U_ILA/U_TRIG/U_TM/G_NMU[0].U_M/U_MU/I_MUT_GANDX.U_match/I_CS_GANDX.U_CS_GANDX_SRL/I_S6.U_CS_GANDX_SRL_S6/U_CS_GAND_SRL_S6/I_USE_RPM_EQ0.U_GAND_SRL_SET/I_WHOLE_SLICE.G_SLICE_IDX[28].U_GAND_SRL_SLICE_NO_RPM/U_MUXD (U0/I_NO_D.U_ILA/U_TRIG/U_TM/G_NMU[0].U_M/U_MU/I_MUT_GANDX.U_match/I_CS_GANDX.U_CS_GANDX_SRL/I_S6.U_CS_GANDX_SRL_S6/U_CS_GAND_SRL_S6/I_USE_RPM_EQ0.U_GAND_SRL_SET/gand_carry<29>)
     MUXCY_L:CI->LO        1   0.023   0.000  U0/I_NO_D.U_ILA/U_TRIG/U_TM/G_NMU[0].U_M/U_MU/I_MUT_GANDX.U_match/I_CS_GANDX.U_CS_GANDX_SRL/I_S6.U_CS_GANDX_SRL_S6/U_CS_GAND_SRL_S6/I_USE_RPM_EQ0.U_GAND_SRL_SET/I_WHOLE_SLICE.G_SLICE_IDX[29].U_GAND_SRL_SLICE_NO_RPM/U_MUXA (U0/I_NO_D.U_ILA/U_TRIG/U_TM/G_NMU[0].U_M/U_MU/I_MUT_GANDX.U_match/I_CS_GANDX.U_CS_GANDX_SRL/I_S6.U_CS_GANDX_SRL_S6/U_CS_GAND_SRL_S6/I_USE_RPM_EQ0.U_GAND_SRL_SET/I_WHOLE_SLICE.G_SLICE_IDX[29].U_GAND_SRL_SLICE_NO_RPM/muxcy_lo<0>)
     MUXCY_L:CI->LO        1   0.023   0.000  U0/I_NO_D.U_ILA/U_TRIG/U_TM/G_NMU[0].U_M/U_MU/I_MUT_GANDX.U_match/I_CS_GANDX.U_CS_GANDX_SRL/I_S6.U_CS_GANDX_SRL_S6/U_CS_GAND_SRL_S6/I_USE_RPM_EQ0.U_GAND_SRL_SET/I_WHOLE_SLICE.G_SLICE_IDX[29].U_GAND_SRL_SLICE_NO_RPM/U_MUXB (U0/I_NO_D.U_ILA/U_TRIG/U_TM/G_NMU[0].U_M/U_MU/I_MUT_GANDX.U_match/I_CS_GANDX.U_CS_GANDX_SRL/I_S6.U_CS_GANDX_SRL_S6/U_CS_GAND_SRL_S6/I_USE_RPM_EQ0.U_GAND_SRL_SET/I_WHOLE_SLICE.G_SLICE_IDX[29].U_GAND_SRL_SLICE_NO_RPM/muxcy_lo<1>)
     MUXCY_L:CI->LO        1   0.023   0.000  U0/I_NO_D.U_ILA/U_TRIG/U_TM/G_NMU[0].U_M/U_MU/I_MUT_GANDX.U_match/I_CS_GANDX.U_CS_GANDX_SRL/I_S6.U_CS_GANDX_SRL_S6/U_CS_GAND_SRL_S6/I_USE_RPM_EQ0.U_GAND_SRL_SET/I_WHOLE_SLICE.G_SLICE_IDX[29].U_GAND_SRL_SLICE_NO_RPM/U_MUXC (U0/I_NO_D.U_ILA/U_TRIG/U_TM/G_NMU[0].U_M/U_MU/I_MUT_GANDX.U_match/I_CS_GANDX.U_CS_GANDX_SRL/I_S6.U_CS_GANDX_SRL_S6/U_CS_GAND_SRL_S6/I_USE_RPM_EQ0.U_GAND_SRL_SET/I_WHOLE_SLICE.G_SLICE_IDX[29].U_GAND_SRL_SLICE_NO_RPM/muxcy_lo<2>)
     MUXCY_L:CI->LO        1   0.023   0.000  U0/I_NO_D.U_ILA/U_TRIG/U_TM/G_NMU[0].U_M/U_MU/I_MUT_GANDX.U_match/I_CS_GANDX.U_CS_GANDX_SRL/I_S6.U_CS_GANDX_SRL_S6/U_CS_GAND_SRL_S6/I_USE_RPM_EQ0.U_GAND_SRL_SET/I_WHOLE_SLICE.G_SLICE_IDX[29].U_GAND_SRL_SLICE_NO_RPM/U_MUXD (U0/I_NO_D.U_ILA/U_TRIG/U_TM/G_NMU[0].U_M/U_MU/I_MUT_GANDX.U_match/I_CS_GANDX.U_CS_GANDX_SRL/I_S6.U_CS_GANDX_SRL_S6/U_CS_GAND_SRL_S6/I_USE_RPM_EQ0.U_GAND_SRL_SET/gand_carry<30>)
     MUXCY_L:CI->LO        1   0.023   0.000  U0/I_NO_D.U_ILA/U_TRIG/U_TM/G_NMU[0].U_M/U_MU/I_MUT_GANDX.U_match/I_CS_GANDX.U_CS_GANDX_SRL/I_S6.U_CS_GANDX_SRL_S6/U_CS_GAND_SRL_S6/I_USE_RPM_EQ0.U_GAND_SRL_SET/I_WHOLE_SLICE.G_SLICE_IDX[30].U_GAND_SRL_SLICE_NO_RPM/U_MUXA (U0/I_NO_D.U_ILA/U_TRIG/U_TM/G_NMU[0].U_M/U_MU/I_MUT_GANDX.U_match/I_CS_GANDX.U_CS_GANDX_SRL/I_S6.U_CS_GANDX_SRL_S6/U_CS_GAND_SRL_S6/I_USE_RPM_EQ0.U_GAND_SRL_SET/I_WHOLE_SLICE.G_SLICE_IDX[30].U_GAND_SRL_SLICE_NO_RPM/muxcy_lo<0>)
     MUXCY_L:CI->LO        1   0.023   0.000  U0/I_NO_D.U_ILA/U_TRIG/U_TM/G_NMU[0].U_M/U_MU/I_MUT_GANDX.U_match/I_CS_GANDX.U_CS_GANDX_SRL/I_S6.U_CS_GANDX_SRL_S6/U_CS_GAND_SRL_S6/I_USE_RPM_EQ0.U_GAND_SRL_SET/I_WHOLE_SLICE.G_SLICE_IDX[30].U_GAND_SRL_SLICE_NO_RPM/U_MUXB (U0/I_NO_D.U_ILA/U_TRIG/U_TM/G_NMU[0].U_M/U_MU/I_MUT_GANDX.U_match/I_CS_GANDX.U_CS_GANDX_SRL/I_S6.U_CS_GANDX_SRL_S6/U_CS_GAND_SRL_S6/I_USE_RPM_EQ0.U_GAND_SRL_SET/I_WHOLE_SLICE.G_SLICE_IDX[30].U_GAND_SRL_SLICE_NO_RPM/muxcy_lo<1>)
     MUXCY_L:CI->LO        1   0.023   0.000  U0/I_NO_D.U_ILA/U_TRIG/U_TM/G_NMU[0].U_M/U_MU/I_MUT_GANDX.U_match/I_CS_GANDX.U_CS_GANDX_SRL/I_S6.U_CS_GANDX_SRL_S6/U_CS_GAND_SRL_S6/I_USE_RPM_EQ0.U_GAND_SRL_SET/I_WHOLE_SLICE.G_SLICE_IDX[30].U_GAND_SRL_SLICE_NO_RPM/U_MUXC (U0/I_NO_D.U_ILA/U_TRIG/U_TM/G_NMU[0].U_M/U_MU/I_MUT_GANDX.U_match/I_CS_GANDX.U_CS_GANDX_SRL/I_S6.U_CS_GANDX_SRL_S6/U_CS_GAND_SRL_S6/I_USE_RPM_EQ0.U_GAND_SRL_SET/I_WHOLE_SLICE.G_SLICE_IDX[30].U_GAND_SRL_SLICE_NO_RPM/muxcy_lo<2>)
     MUXCY_L:CI->LO        1   0.023   0.000  U0/I_NO_D.U_ILA/U_TRIG/U_TM/G_NMU[0].U_M/U_MU/I_MUT_GANDX.U_match/I_CS_GANDX.U_CS_GANDX_SRL/I_S6.U_CS_GANDX_SRL_S6/U_CS_GAND_SRL_S6/I_USE_RPM_EQ0.U_GAND_SRL_SET/I_WHOLE_SLICE.G_SLICE_IDX[30].U_GAND_SRL_SLICE_NO_RPM/U_MUXD (U0/I_NO_D.U_ILA/U_TRIG/U_TM/G_NMU[0].U_M/U_MU/I_MUT_GANDX.U_match/I_CS_GANDX.U_CS_GANDX_SRL/I_S6.U_CS_GANDX_SRL_S6/U_CS_GAND_SRL_S6/I_USE_RPM_EQ0.U_GAND_SRL_SET/gand_carry<31>)
     MUXCY_L:CI->LO        1   0.023   0.000  U0/I_NO_D.U_ILA/U_TRIG/U_TM/G_NMU[0].U_M/U_MU/I_MUT_GANDX.U_match/I_CS_GANDX.U_CS_GANDX_SRL/I_S6.U_CS_GANDX_SRL_S6/U_CS_GAND_SRL_S6/I_USE_RPM_EQ0.U_GAND_SRL_SET/I_WHOLE_SLICE.G_SLICE_IDX[31].U_GAND_SRL_SLICE_NO_RPM/U_MUXA (U0/I_NO_D.U_ILA/U_TRIG/U_TM/G_NMU[0].U_M/U_MU/I_MUT_GANDX.U_match/I_CS_GANDX.U_CS_GANDX_SRL/I_S6.U_CS_GANDX_SRL_S6/U_CS_GAND_SRL_S6/I_USE_RPM_EQ0.U_GAND_SRL_SET/I_WHOLE_SLICE.G_SLICE_IDX[31].U_GAND_SRL_SLICE_NO_RPM/muxcy_lo<0>)
     MUXCY_L:CI->LO        1   0.023   0.000  U0/I_NO_D.U_ILA/U_TRIG/U_TM/G_NMU[0].U_M/U_MU/I_MUT_GANDX.U_match/I_CS_GANDX.U_CS_GANDX_SRL/I_S6.U_CS_GANDX_SRL_S6/U_CS_GAND_SRL_S6/I_USE_RPM_EQ0.U_GAND_SRL_SET/I_WHOLE_SLICE.G_SLICE_IDX[31].U_GAND_SRL_SLICE_NO_RPM/U_MUXB (U0/I_NO_D.U_ILA/U_TRIG/U_TM/G_NMU[0].U_M/U_MU/I_MUT_GANDX.U_match/I_CS_GANDX.U_CS_GANDX_SRL/I_S6.U_CS_GANDX_SRL_S6/U_CS_GAND_SRL_S6/I_USE_RPM_EQ0.U_GAND_SRL_SET/I_WHOLE_SLICE.G_SLICE_IDX[31].U_GAND_SRL_SLICE_NO_RPM/muxcy_lo<1>)
     MUXCY_L:CI->LO        1   0.023   0.000  U0/I_NO_D.U_ILA/U_TRIG/U_TM/G_NMU[0].U_M/U_MU/I_MUT_GANDX.U_match/I_CS_GANDX.U_CS_GANDX_SRL/I_S6.U_CS_GANDX_SRL_S6/U_CS_GAND_SRL_S6/I_USE_RPM_EQ0.U_GAND_SRL_SET/I_WHOLE_SLICE.G_SLICE_IDX[31].U_GAND_SRL_SLICE_NO_RPM/U_MUXC (U0/I_NO_D.U_ILA/U_TRIG/U_TM/G_NMU[0].U_M/U_MU/I_MUT_GANDX.U_match/I_CS_GANDX.U_CS_GANDX_SRL/I_S6.U_CS_GANDX_SRL_S6/U_CS_GAND_SRL_S6/I_USE_RPM_EQ0.U_GAND_SRL_SET/I_WHOLE_SLICE.G_SLICE_IDX[31].U_GAND_SRL_SLICE_NO_RPM/muxcy_lo<2>)
     MUXCY_L:CI->LO        1   0.023   0.000  U0/I_NO_D.U_ILA/U_TRIG/U_TM/G_NMU[0].U_M/U_MU/I_MUT_GANDX.U_match/I_CS_GANDX.U_CS_GANDX_SRL/I_S6.U_CS_GANDX_SRL_S6/U_CS_GAND_SRL_S6/I_USE_RPM_EQ0.U_GAND_SRL_SET/I_WHOLE_SLICE.G_SLICE_IDX[31].U_GAND_SRL_SLICE_NO_RPM/U_MUXD (U0/I_NO_D.U_ILA/U_TRIG/U_TM/G_NMU[0].U_M/U_MU/I_MUT_GANDX.U_match/I_CS_GANDX.U_CS_GANDX_SRL/I_S6.U_CS_GANDX_SRL_S6/U_CS_GAND_SRL_S6/I_USE_RPM_EQ0.U_GAND_SRL_SET/I_WHOLE_SLICE.G_SLICE_IDX[31].U_GAND_SRL_SLICE_NO_RPM/muxcy_lo<3>)
     MUXCY_L:CI->LO        1   0.262   0.000  U0/I_NO_D.U_ILA/U_TRIG/U_TM/G_NMU[0].U_M/U_MU/I_MUT_GANDX.U_match/I_CS_GANDX.U_CS_GANDX_SRL/I_S6.U_CS_GANDX_SRL_S6/U_CS_GAND_SRL_S6/I_USE_RPM_EQ0.U_GAND_SRL_SET/I_WHOLE_SLICE.G_SLICE_IDX[31].U_GAND_SRL_SLICE_NO_RPM/I_IS_TERMINATION_SLICE_NE0.U_MUXF (U0/I_NO_D.U_ILA/U_TRIG/U_TM/G_NMU[0].U_M/U_MU/I_MUT_GANDX.U_match/I_CS_GANDX.U_CS_GANDX_SRL/I_S6.U_CS_GANDX_SRL_S6/U_CS_GAND_SRL_S6/I_USE_RPM_EQ0.U_GAND_SRL_SET/I_WHOLE_SLICE.G_SLICE_IDX[31].U_GAND_SRL_SLICE_NO_RPM/muxcy_lo<4>)
     FDS:D                     0.074          U0/I_NO_D.U_ILA/U_TRIG/U_TM/G_NMU[0].U_M/U_MU/I_MUT_GANDX.U_match/I_CS_GANDX.U_CS_GANDX_SRL/I_S6.U_CS_GANDX_SRL_S6/U_CS_GAND_SRL_S6/I_USE_RPM_EQ0.U_GAND_SRL_SET/I_WHOLE_SLICE.G_SLICE_IDX[31].U_GAND_SRL_SLICE_NO_RPM/I_IS_TERMINATION_SLICE_NE0.I_USE_OUTPUT_REG_NE0.U_OREG
    ----------------------------------------
    Total                      5.619ns (4.213ns logic, 1.406ns route)
                                       (75.0% logic, 25.0% route)

=========================================================================
Timing constraint: Default period analysis for Clock 'icon_debug/U0/U_ICON/I_YES_BSCAN.U_BS/iDRCK_LOCAL'
  Clock period: 9.265ns (frequency: 107.933MHz)
  Total number of paths / destination ports: 4244 / 556
-------------------------------------------------------------------------
Delay:               9.265ns (Levels of Logic = 8)
  Source:            ila_filter_debug/U0/I_NO_D.U_ILA/U_CAPSTOR/I_CASE1.I_YES_TB.U_TRACE_BUFFER/U_RAM/I_S6.U_CS_BRAM_CASCADE_S6/I_DEPTH_LTEQ_16K.U_SBRAM_0/I_B18KGT0.G_RAMB18[9].u_ramb18/U_RAMB18 (RAM)
  Destination:       icon_debug/U0/U_ICON/U_TDO_reg (FF)
  Source Clock:      icon_debug/U0/U_ICON/I_YES_BSCAN.U_BS/iDRCK_LOCAL rising
  Destination Clock: icon_debug/U0/U_ICON/I_YES_BSCAN.U_BS/iDRCK_LOCAL rising

  Data Path: ila_filter_debug/U0/I_NO_D.U_ILA/U_CAPSTOR/I_CASE1.I_YES_TB.U_TRACE_BUFFER/U_RAM/I_S6.U_CS_BRAM_CASCADE_S6/I_DEPTH_LTEQ_16K.U_SBRAM_0/I_B18KGT0.G_RAMB18[9].u_ramb18/U_RAMB18 to icon_debug/U0/U_ICON/U_TDO_reg
                                Gate     Net
    Cell:in->out      fanout   Delay   Delay  Logical Name (Net Name)
    ----------------------------------------  ------------
     RAMB16BWER:CLKA->DOA7    1   2.100   0.958  U0/I_NO_D.U_ILA/U_CAPSTOR/I_CASE1.I_YES_TB.U_TRACE_BUFFER/U_RAM/I_S6.U_CS_BRAM_CASCADE_S6/I_DEPTH_LTEQ_16K.U_SBRAM_0/I_B18KGT0.G_RAMB18[9].u_ramb18/U_RAMB18 (U0/I_NO_D.U_ILA/U_CAPSTOR/I_CASE1.I_YES_TB.U_TRACE_BUFFER/rd_data<169>)
     LUT6:I2->O            1   0.254   0.958  U0/I_NO_D.U_ILA/U_CAPSTOR/I_CASE1.I_YES_TB.U_TRACE_BUFFER/U_RD_COL_MUX/I9.U_MUX512/Mmux_O_1914 (U0/I_NO_D.U_ILA/U_CAPSTOR/I_CASE1.I_YES_TB.U_TRACE_BUFFER/U_RD_COL_MUX/I9.U_MUX512/Mmux_O_1914)
     LUT6:I2->O            1   0.254   0.958  U0/I_NO_D.U_ILA/U_CAPSTOR/I_CASE1.I_YES_TB.U_TRACE_BUFFER/U_RD_COL_MUX/I9.U_MUX512/Mmux_O_145 (U0/I_NO_D.U_ILA/U_CAPSTOR/I_CASE1.I_YES_TB.U_TRACE_BUFFER/U_RD_COL_MUX/I9.U_MUX512/Mmux_O_145)
     LUT6:I2->O            1   0.254   0.958  U0/I_NO_D.U_ILA/U_CAPSTOR/I_CASE1.I_YES_TB.U_TRACE_BUFFER/U_RD_COL_MUX/I9.U_MUX512/Mmux_O_91 (U0/I_NO_D.U_ILA/U_CAPSTOR/I_CASE1.I_YES_TB.U_TRACE_BUFFER/U_RD_COL_MUX/I9.U_MUX512/Mmux_O_91)
     LUT6:I2->O            1   0.254   0.000  U0/I_NO_D.U_ILA/U_CAPSTOR/I_CASE1.I_YES_TB.U_TRACE_BUFFER/U_RD_COL_MUX/I9.U_MUX512/Mmux_O_41 (U0/I_NO_D.U_ILA/U_CAPSTOR/I_CASE1.I_YES_TB.U_TRACE_BUFFER/U_RD_COL_MUX/I9.U_MUX512/Mmux_O_4)
     MUXF7:I0->O           1   0.163   0.790  U0/I_NO_D.U_ILA/U_CAPSTOR/I_CASE1.I_YES_TB.U_TRACE_BUFFER/U_RD_COL_MUX/I9.U_MUX512/Mmux_O_2_f7 (U0/I_NO_D.U_ILA/iDATA_DOUT)
     LUT3:I1->O            1   0.250   0.790  U0/I_NO_D.U_ILA/U_DOUT (CONTROL<3>)
     end scope: 'ila_filter_debug:CONTROL<3>'
     begin scope: 'icon_debug:CONTROL0<3>'
     LUT6:I4->O            1   0.250   0.000  U0/U_ICON/U_TDO_MUX/U_CS_MUX/I4.U_MUX16/Mmux_O11 (U0/U_ICON/iTDO_next)
     FDE:D                     0.074          U0/U_ICON/U_TDO_reg
    ----------------------------------------
    Total                      9.265ns (3.853ns logic, 5.412ns route)
                                       (41.6% logic, 58.4% route)

=========================================================================
Timing constraint: Default period analysis for Clock 'icon_debug/U0/iUPDATE_OUT'
  Clock period: 2.300ns (frequency: 434.783MHz)
  Total number of paths / destination ports: 1 / 1
-------------------------------------------------------------------------
Delay:               2.300ns (Levels of Logic = 1)
  Source:            icon_debug/U0/U_ICON/U_iDATA_CMD (FF)
  Destination:       icon_debug/U0/U_ICON/U_iDATA_CMD (FF)
  Source Clock:      icon_debug/U0/iUPDATE_OUT rising
  Destination Clock: icon_debug/U0/iUPDATE_OUT rising

  Data Path: icon_debug/U0/U_ICON/U_iDATA_CMD to icon_debug/U0/U_ICON/U_iDATA_CMD
                                Gate     Net
    Cell:in->out      fanout   Delay   Delay  Logical Name (Net Name)
    ----------------------------------------  ------------
     FDC:C->Q              3   0.525   0.765  U0/U_ICON/U_iDATA_CMD (U0/U_ICON/iDATA_CMD)
     INV:I->O              1   0.255   0.681  U0/U_ICON/U_iDATA_CMD_n (U0/U_ICON/iDATA_CMD_n)
     FDC:D                     0.074          U0/U_ICON/U_iDATA_CMD
    ----------------------------------------
    Total                      2.300ns (0.854ns logic, 1.446ns route)
                                       (37.1% logic, 62.9% route)

=========================================================================
Timing constraint: Default OFFSET IN BEFORE for Clock 'clk'
  Total number of paths / destination ports: 529 / 529
-------------------------------------------------------------------------
Offset:              6.024ns (Levels of Logic = 3)
  Source:            icon_debug/U0/U_ICON/I_YES_BSCAN.U_BS/I_S6.ISYN.I_USE_SOFTBSCAN_EQ0.U_BS:SHIFT (PAD)
  Destination:       ila_filter_debug/U0/I_NO_D.U_ILA/U_TRIG/U_TM/G_NMU[0].U_M/U_MU/I_MUT_GANDX.U_match/I_CS_GANDX.U_CS_GANDX_SRL/I_S6.U_CS_GANDX_SRL_S6/G_GAND_DLY2[0].I_IN_RANGE.U_GAND_DLY2 (FF)
  Destination Clock: clk rising

  Data Path: icon_debug/U0/U_ICON/I_YES_BSCAN.U_BS/I_S6.ISYN.I_USE_SOFTBSCAN_EQ0.U_BS:SHIFT to ila_filter_debug/U0/I_NO_D.U_ILA/U_TRIG/U_TM/G_NMU[0].U_M/U_MU/I_MUT_GANDX.U_match/I_CS_GANDX.U_CS_GANDX_SRL/I_S6.U_CS_GANDX_SRL_S6/G_GAND_DLY2[0].I_IN_RANGE.U_GAND_DLY2
                                Gate     Net
    Cell:in->out      fanout   Delay   Delay  Logical Name (Net Name)
    ----------------------------------------  ------------
    BSCAN_SPARTAN6:SHIFT    3   0.000   0.766  U0/U_ICON/I_YES_BSCAN.U_BS/I_S6.ISYN.I_USE_SOFTBSCAN_EQ0.U_BS (U0/iSHIFT_OUT)
     LUT2:I1->O           32   0.254   1.796  U0/U_ICON/U_CTRL_OUT/U_DATA_VALID (U0/U_ICON/U_CTRL_OUT/iDATA_VALID)
     LUT4:I0->O          640   0.254   2.495  U0/U_ICON/U_CTRL_OUT/F_NCP[0].F_CMD[0].U_HCE (CONTROL0<20>)
     end scope: 'icon_debug:CONTROL0<20>'
     begin scope: 'ila_filter_debug:CONTROL<20>'
     FDP:PRE                   0.459          U0/I_NO_D.U_ILA/U_TRIG/U_TM/G_NMU[0].U_M/U_MU/I_MUT_GANDX.U_match/I_CS_GANDX.U_CS_GANDX_SRL/I_S6.U_CS_GANDX_SRL_S6/G_GAND_DLY2[0].I_IN_RANGE.U_GAND_DLY2
    ----------------------------------------
    Total                      6.024ns (0.967ns logic, 5.057ns route)
                                       (16.1% logic, 83.9% route)

=========================================================================
Timing constraint: Default OFFSET IN BEFORE for Clock 'icon_debug/U0/U_ICON/I_YES_BSCAN.U_BS/iDRCK_LOCAL'
  Total number of paths / destination ports: 302 / 291
-------------------------------------------------------------------------
Offset:              6.596ns (Levels of Logic = 5)
  Source:            icon_debug/U0/U_ICON/I_YES_BSCAN.U_BS/I_S6.ISYN.I_USE_SOFTBSCAN_EQ0.U_BS:SHIFT (PAD)
  Destination:       ila_filter_debug/U0/I_NO_D.U_ILA/U_STAT/U_STAT_CNT/G[0].U_FDRE (FF)
  Destination Clock: icon_debug/U0/U_ICON/I_YES_BSCAN.U_BS/iDRCK_LOCAL rising

  Data Path: icon_debug/U0/U_ICON/I_YES_BSCAN.U_BS/I_S6.ISYN.I_USE_SOFTBSCAN_EQ0.U_BS:SHIFT to ila_filter_debug/U0/I_NO_D.U_ILA/U_STAT/U_STAT_CNT/G[0].U_FDRE
                                Gate     Net
    Cell:in->out      fanout   Delay   Delay  Logical Name (Net Name)
    ----------------------------------------  ------------
    BSCAN_SPARTAN6:SHIFT    3   0.000   0.766  U0/U_ICON/I_YES_BSCAN.U_BS/I_S6.ISYN.I_USE_SOFTBSCAN_EQ0.U_BS (U0/iSHIFT_OUT)
     LUT2:I1->O           32   0.254   1.796  U0/U_ICON/U_CTRL_OUT/U_DATA_VALID (U0/U_ICON/U_CTRL_OUT/iDATA_VALID)
     LUT4:I0->O            3   0.254   0.874  U0/U_ICON/U_CTRL_OUT/F_NCP[0].F_CMD[0].U_LCE (CONTROL0<4>)
     end scope: 'icon_debug:CONTROL0<4>'
     begin scope: 'ila_filter_debug:CONTROL<4>'
     LUT2:I0->O            1   0.250   0.681  U0/I_NO_D.U_ILA/U_STAT/U_STATCMD (U0/I_NO_D.U_ILA/U_STAT/iSTATCMD_CE)
     INV:I->O             10   0.255   1.007  U0/I_NO_D.U_ILA/U_STAT/U_STATCMD_n (U0/I_NO_D.U_ILA/U_STAT/iSTATCMD_CE_n)
     FDRE:R                    0.459          U0/I_NO_D.U_ILA/U_STAT/U_STAT_CNT/G[9].U_FDRE
    ----------------------------------------
    Total                      6.596ns (1.472ns logic, 5.124ns route)
                                       (22.3% logic, 77.7% route)

=========================================================================
Timing constraint: Default OFFSET IN BEFORE for Clock 'icon_debug/U0/iUPDATE_OUT'
  Total number of paths / destination ports: 1 / 1
-------------------------------------------------------------------------
Offset:              2.120ns (Levels of Logic = 1)
  Source:            icon_debug/U0/U_ICON/I_YES_BSCAN.U_BS/I_S6.ISYN.I_USE_SOFTBSCAN_EQ0.U_BS:SEL (PAD)
  Destination:       icon_debug/U0/U_ICON/U_iDATA_CMD (FF)
  Destination Clock: icon_debug/U0/iUPDATE_OUT rising

  Data Path: icon_debug/U0/U_ICON/I_YES_BSCAN.U_BS/I_S6.ISYN.I_USE_SOFTBSCAN_EQ0.U_BS:SEL to icon_debug/U0/U_ICON/U_iDATA_CMD
                                Gate     Net
    Cell:in->out      fanout   Delay   Delay  Logical Name (Net Name)
    ----------------------------------------  ------------
    BSCAN_SPARTAN6:SEL     2   0.000   0.725  U0/U_ICON/I_YES_BSCAN.U_BS/I_S6.ISYN.I_USE_SOFTBSCAN_EQ0.U_BS (U0/U_ICON/iSEL)
     INV:I->O              1   0.255   0.681  U0/U_ICON/U_iSEL_n (U0/U_ICON/iSEL_n)
     FDC:CLR                   0.459          U0/U_ICON/U_iDATA_CMD
    ----------------------------------------
    Total                      2.120ns (0.714ns logic, 1.406ns route)
                                       (33.7% logic, 66.3% route)

=========================================================================
Timing constraint: Default OFFSET OUT AFTER for Clock 'clk'
  Total number of paths / destination ports: 8 / 8
-------------------------------------------------------------------------
Offset:              5.437ns (Levels of Logic = 2)
  Source:            ROM_inst/U0/xst_blk_mem_generator/gnativebmg.native_blk_mem_gen/valid.cstr/ramloop[0].ram.r/s6_init.ram/SP.SIMPLE_PRIM9.ram (RAM)
  Destination:       dadata<7> (PAD)
  Source Clock:      clk rising

  Data Path: ROM_inst/U0/xst_blk_mem_generator/gnativebmg.native_blk_mem_gen/valid.cstr/ramloop[0].ram.r/s6_init.ram/SP.SIMPLE_PRIM9.ram to dadata<7>
                                Gate     Net
    Cell:in->out      fanout   Delay   Delay  Logical Name (Net Name)
    ----------------------------------------  ------------
     RAMB8BWER:CLKAWRCLK->DOADO11    2   1.800   0.725  U0/xst_blk_mem_generator/gnativebmg.native_blk_mem_gen/valid.cstr/ramloop[0].ram.r/s6_init.ram/SP.SIMPLE_PRIM9.ram (douta<7>)
     end scope: 'ROM_inst:douta<7>'
     OBUF:I->O                 2.912          dadata_7_OBUF (dadata<7>)
    ----------------------------------------
    Total                      5.437ns (4.712ns logic, 0.725ns route)
                                       (86.7% logic, 13.3% route)

=========================================================================
Timing constraint: Default OFFSET OUT AFTER for Clock 'icon_debug/U0/U_ICON/I_YES_BSCAN.U_BS/iDRCK_LOCAL'
  Total number of paths / destination ports: 1 / 1
-------------------------------------------------------------------------
Offset:              0.525ns (Levels of Logic = 0)
  Source:            icon_debug/U0/U_ICON/U_TDO_reg (FF)
  Destination:       icon_debug/U0/U_ICON/I_YES_BSCAN.U_BS/I_S6.ISYN.I_USE_SOFTBSCAN_EQ0.U_BS:TDO (PAD)
  Source Clock:      icon_debug/U0/U_ICON/I_YES_BSCAN.U_BS/iDRCK_LOCAL rising

  Data Path: icon_debug/U0/U_ICON/U_TDO_reg to icon_debug/U0/U_ICON/I_YES_BSCAN.U_BS/I_S6.ISYN.I_USE_SOFTBSCAN_EQ0.U_BS:TDO
                                Gate     Net
    Cell:in->out      fanout   Delay   Delay  Logical Name (Net Name)
    ----------------------------------------  ------------
     FDE:C->Q              0   0.525   0.000  U0/U_ICON/U_TDO_reg (U0/U_ICON/iTDO)
    BSCAN_SPARTAN6:TDO         0.000          U0/U_ICON/I_YES_BSCAN.U_BS/I_S6.ISYN.I_USE_SOFTBSCAN_EQ0.U_BS
    ----------------------------------------
    Total                      0.525ns (0.525ns logic, 0.000ns route)
                                       (100.0% logic, 0.0% route)

=========================================================================

Cross Clock Domains Report:
--------------------------

Clock to Setup on destination clock clk
-------------------------------------------------+---------+---------+---------+---------+
                                                 | Src:Rise| Src:Fall| Src:Rise| Src:Fall|
Source Clock                                     |Dest:Rise|Dest:Rise|Dest:Fall|Dest:Fall|
-------------------------------------------------+---------+---------+---------+---------+
clk                                              |    5.619|    1.650|    2.163|         |
icon_debug/U0/U_ICON/I_YES_BSCAN.U_BS/iDRCK_LOCAL|    7.122|         |         |         |
-------------------------------------------------+---------+---------+---------+---------+

Clock to Setup on destination clock icon_debug/CONTROL0<13>
---------------+---------+---------+---------+---------+
               | Src:Rise| Src:Fall| Src:Rise| Src:Fall|
Source Clock   |Dest:Rise|Dest:Rise|Dest:Fall|Dest:Fall|
---------------+---------+---------+---------+---------+
clk            |         |         |    2.244|         |
---------------+---------+---------+---------+---------+

Clock to Setup on destination clock icon_debug/U0/U_ICON/I_YES_BSCAN.U_BS/iDRCK_LOCAL
-------------------------------------------------+---------+---------+---------+---------+
                                                 | Src:Rise| Src:Fall| Src:Rise| Src:Fall|
Source Clock                                     |Dest:Rise|Dest:Rise|Dest:Fall|Dest:Fall|
-------------------------------------------------+---------+---------+---------+---------+
clk                                              |    4.067|         |         |         |
icon_debug/CONTROL0<13>                          |         |    4.308|         |         |
icon_debug/U0/U_ICON/I_YES_BSCAN.U_BS/iDRCK_LOCAL|    9.265|         |         |         |
icon_debug/U0/iUPDATE_OUT                        |    2.958|         |         |         |
-------------------------------------------------+---------+---------+---------+---------+

Clock to Setup on destination clock icon_debug/U0/iUPDATE_OUT
-------------------------+---------+---------+---------+---------+
                         | Src:Rise| Src:Fall| Src:Rise| Src:Fall|
Source Clock             |Dest:Rise|Dest:Rise|Dest:Fall|Dest:Fall|
-------------------------+---------+---------+---------+---------+
icon_debug/U0/iUPDATE_OUT|    2.300|         |         |         |
-------------------------+---------+---------+---------+---------+

=========================================================================


Total REAL time to Xst completion: 8.00 secs
Total CPU time to Xst completion: 7.47 secs
 
--> 

Total memory usage is 264992 kilobytes

Number of errors   :    0 (   0 filtered)
Number of warnings :    4 (   0 filtered)
Number of infos    :    2 (   0 filtered)

