------------------------------------------------------------
TimeQuest Timing Analyzer Summary
------------------------------------------------------------

Type  : Slow 1200mV 85C Model Setup 'u_system_ctrl|u_sdram_pll|altpll_component|auto_generated|pll1|clk[2]'
Slack : -6.371
TNS   : -169.464

Type  : Slow 1200mV 85C Model Setup 'CMOS_PCLK'
Slack : -2.369
TNS   : -98.826

Type  : Slow 1200mV 85C Model Setup 'u_system_ctrl|u_sdram_pll|altpll_component|auto_generated|pll1|clk[1]'
Slack : 4.117
TNS   : 0.000

Type  : Slow 1200mV 85C Model Setup 'CLOCK'
Slack : 14.765
TNS   : 0.000

Type  : Slow 1200mV 85C Model Hold 'CMOS_PCLK'
Slack : -1.298
TNS   : -6.545

Type  : Slow 1200mV 85C Model Hold 'u_system_ctrl|u_sdram_pll|altpll_component|auto_generated|pll1|clk[2]'
Slack : 0.421
TNS   : 0.000

Type  : Slow 1200mV 85C Model Hold 'u_system_ctrl|u_sdram_pll|altpll_component|auto_generated|pll1|clk[1]'
Slack : 0.452
TNS   : 0.000

Type  : Slow 1200mV 85C Model Hold 'CLOCK'
Slack : 0.453
TNS   : 0.000

Type  : Slow 1200mV 85C Model Recovery 'CMOS_PCLK'
Slack : -0.142
TNS   : -9.817

Type  : Slow 1200mV 85C Model Recovery 'u_system_ctrl|u_sdram_pll|altpll_component|auto_generated|pll1|clk[2]'
Slack : 4.115
TNS   : 0.000

Type  : Slow 1200mV 85C Model Recovery 'u_system_ctrl|u_sdram_pll|altpll_component|auto_generated|pll1|clk[1]'
Slack : 5.461
TNS   : 0.000

Type  : Slow 1200mV 85C Model Removal 'CMOS_PCLK'
Slack : 0.018
TNS   : 0.000

Type  : Slow 1200mV 85C Model Removal 'u_system_ctrl|u_sdram_pll|altpll_component|auto_generated|pll1|clk[2]'
Slack : 1.919
TNS   : 0.000

Type  : Slow 1200mV 85C Model Removal 'u_system_ctrl|u_sdram_pll|altpll_component|auto_generated|pll1|clk[1]'
Slack : 2.196
TNS   : 0.000

Type  : Slow 1200mV 85C Model Minimum Pulse Width 'CMOS_PCLK'
Slack : -3.201
TNS   : -138.998

Type  : Slow 1200mV 85C Model Minimum Pulse Width 'u_system_ctrl|u_sdram_pll|altpll_component|auto_generated|pll1|clk[2]'
Slack : 4.715
TNS   : 0.000

Type  : Slow 1200mV 85C Model Minimum Pulse Width 'CLOCK'
Slack : 9.744
TNS   : 0.000

Type  : Slow 1200mV 85C Model Minimum Pulse Width 'u_system_ctrl|u_sdram_pll|altpll_component|auto_generated|pll1|clk[1]'
Slack : 19.717
TNS   : 0.000

Type  : Slow 1200mV 0C Model Setup 'u_system_ctrl|u_sdram_pll|altpll_component|auto_generated|pll1|clk[2]'
Slack : -5.595
TNS   : -148.853

Type  : Slow 1200mV 0C Model Setup 'CMOS_PCLK'
Slack : -2.102
TNS   : -87.630

Type  : Slow 1200mV 0C Model Setup 'u_system_ctrl|u_sdram_pll|altpll_component|auto_generated|pll1|clk[1]'
Slack : 4.364
TNS   : 0.000

Type  : Slow 1200mV 0C Model Setup 'CLOCK'
Slack : 15.162
TNS   : 0.000

Type  : Slow 1200mV 0C Model Hold 'CMOS_PCLK'
Slack : -1.111
TNS   : -4.992

Type  : Slow 1200mV 0C Model Hold 'u_system_ctrl|u_sdram_pll|altpll_component|auto_generated|pll1|clk[2]'
Slack : 0.398
TNS   : 0.000

Type  : Slow 1200mV 0C Model Hold 'u_system_ctrl|u_sdram_pll|altpll_component|auto_generated|pll1|clk[1]'
Slack : 0.400
TNS   : 0.000

Type  : Slow 1200mV 0C Model Hold 'CLOCK'
Slack : 0.402
TNS   : 0.000

Type  : Slow 1200mV 0C Model Recovery 'CMOS_PCLK'
Slack : -0.164
TNS   : -11.557

Type  : Slow 1200mV 0C Model Recovery 'u_system_ctrl|u_sdram_pll|altpll_component|auto_generated|pll1|clk[2]'
Slack : 4.540
TNS   : 0.000

Type  : Slow 1200mV 0C Model Recovery 'u_system_ctrl|u_sdram_pll|altpll_component|auto_generated|pll1|clk[1]'
Slack : 5.777
TNS   : 0.000

Type  : Slow 1200mV 0C Model Removal 'CMOS_PCLK'
Slack : 0.091
TNS   : 0.000

Type  : Slow 1200mV 0C Model Removal 'u_system_ctrl|u_sdram_pll|altpll_component|auto_generated|pll1|clk[2]'
Slack : 1.727
TNS   : 0.000

Type  : Slow 1200mV 0C Model Removal 'u_system_ctrl|u_sdram_pll|altpll_component|auto_generated|pll1|clk[1]'
Slack : 1.968
TNS   : 0.000

Type  : Slow 1200mV 0C Model Minimum Pulse Width 'CMOS_PCLK'
Slack : -3.201
TNS   : -138.998

Type  : Slow 1200mV 0C Model Minimum Pulse Width 'u_system_ctrl|u_sdram_pll|altpll_component|auto_generated|pll1|clk[2]'
Slack : 4.714
TNS   : 0.000

Type  : Slow 1200mV 0C Model Minimum Pulse Width 'CLOCK'
Slack : 9.753
TNS   : 0.000

Type  : Slow 1200mV 0C Model Minimum Pulse Width 'u_system_ctrl|u_sdram_pll|altpll_component|auto_generated|pll1|clk[1]'
Slack : 19.717
TNS   : 0.000

Type  : Fast 1200mV 0C Model Setup 'u_system_ctrl|u_sdram_pll|altpll_component|auto_generated|pll1|clk[2]'
Slack : -2.456
TNS   : -61.507

Type  : Fast 1200mV 0C Model Setup 'CMOS_PCLK'
Slack : -0.487
TNS   : -5.784

Type  : Fast 1200mV 0C Model Setup 'u_system_ctrl|u_sdram_pll|altpll_component|auto_generated|pll1|clk[1]'
Slack : 7.460
TNS   : 0.000

Type  : Fast 1200mV 0C Model Setup 'CLOCK'
Slack : 17.735
TNS   : 0.000

Type  : Fast 1200mV 0C Model Hold 'CMOS_PCLK'
Slack : -0.834
TNS   : -7.170

Type  : Fast 1200mV 0C Model Hold 'u_system_ctrl|u_sdram_pll|altpll_component|auto_generated|pll1|clk[2]'
Slack : 0.142
TNS   : 0.000

Type  : Fast 1200mV 0C Model Hold 'CLOCK'
Slack : 0.186
TNS   : 0.000

Type  : Fast 1200mV 0C Model Hold 'u_system_ctrl|u_sdram_pll|altpll_component|auto_generated|pll1|clk[1]'
Slack : 0.186
TNS   : 0.000

Type  : Fast 1200mV 0C Model Recovery 'CMOS_PCLK'
Slack : 0.531
TNS   : 0.000

Type  : Fast 1200mV 0C Model Recovery 'u_system_ctrl|u_sdram_pll|altpll_component|auto_generated|pll1|clk[2]'
Slack : 7.380
TNS   : 0.000

Type  : Fast 1200mV 0C Model Recovery 'u_system_ctrl|u_sdram_pll|altpll_component|auto_generated|pll1|clk[1]'
Slack : 7.992
TNS   : 0.000

Type  : Fast 1200mV 0C Model Removal 'CMOS_PCLK'
Slack : -0.199
TNS   : -14.827

Type  : Fast 1200mV 0C Model Removal 'u_system_ctrl|u_sdram_pll|altpll_component|auto_generated|pll1|clk[2]'
Slack : 0.814
TNS   : 0.000

Type  : Fast 1200mV 0C Model Removal 'u_system_ctrl|u_sdram_pll|altpll_component|auto_generated|pll1|clk[1]'
Slack : 0.917
TNS   : 0.000

Type  : Fast 1200mV 0C Model Minimum Pulse Width 'CMOS_PCLK'
Slack : -3.000
TNS   : -116.817

Type  : Fast 1200mV 0C Model Minimum Pulse Width 'u_system_ctrl|u_sdram_pll|altpll_component|auto_generated|pll1|clk[2]'
Slack : 4.733
TNS   : 0.000

Type  : Fast 1200mV 0C Model Minimum Pulse Width 'CLOCK'
Slack : 9.262
TNS   : 0.000

Type  : Fast 1200mV 0C Model Minimum Pulse Width 'u_system_ctrl|u_sdram_pll|altpll_component|auto_generated|pll1|clk[1]'
Slack : 19.736
TNS   : 0.000

------------------------------------------------------------
